 
****************************************
check_design summary:
Version:     O-2018.06-SP1
Date:        Sat Dec  9 23:19:14 2023
****************************************

                   Name                                            Total
--------------------------------------------------------------------------------
Inputs/Outputs                                                     49
    Shorted outputs (LINT-31)                                      49

Cells                                                               1
    Connected to power or ground (LINT-32)                          1

Nets                                                               59
    Unloaded nets (LINT-2)                                         59
--------------------------------------------------------------------------------

Warning: In design 'mul_tc_16_16', net 'u_booth/prod_7_pre[18]' driven by pin 'u_booth/u_booth_code_7/prod_a[18]' has no loads. (LINT-2)
Warning: In design 'mul_tc_16_16', net 'u_booth/prod_7_pre[19]' driven by pin 'u_booth/u_booth_code_7/prod_a[19]' has no loads. (LINT-2)
Warning: In design 'mul_tc_16_16', net 'u_booth/prod_7_pre[20]' driven by pin 'u_booth/u_booth_code_7/prod_a[20]' has no loads. (LINT-2)
Warning: In design 'mul_tc_16_16', net 'u_booth/prod_7_pre[21]' driven by pin 'u_booth/u_booth_code_7/prod_a[21]' has no loads. (LINT-2)
Warning: In design 'mul_tc_16_16', net 'u_booth/prod_7_pre[22]' driven by pin 'u_booth/u_booth_code_7/prod_a[22]' has no loads. (LINT-2)
Warning: In design 'mul_tc_16_16', net 'u_booth/prod_7_pre[23]' driven by pin 'u_booth/u_booth_code_7/prod_a[23]' has no loads. (LINT-2)
Warning: In design 'mul_tc_16_16', net 'u_booth/prod_7_pre[24]' driven by pin 'u_booth/u_booth_code_7/prod_a[24]' has no loads. (LINT-2)
Warning: In design 'mul_tc_16_16', net 'u_booth/prod_7_pre[25]' driven by pin 'u_booth/u_booth_code_7/prod_a[25]' has no loads. (LINT-2)
Warning: In design 'mul_tc_16_16', net 'u_booth/prod_7_pre[26]' driven by pin 'u_booth/u_booth_code_7/prod_a[26]' has no loads. (LINT-2)
Warning: In design 'mul_tc_16_16', net 'u_booth/prod_7_pre[27]' driven by pin 'u_booth/u_booth_code_7/prod_a[27]' has no loads. (LINT-2)
Warning: In design 'mul_tc_16_16', net 'u_booth/prod_7_pre[28]' driven by pin 'u_booth/u_booth_code_7/prod_a[28]' has no loads. (LINT-2)
Warning: In design 'mul_tc_16_16', net 'u_booth/prod_7_pre[29]' driven by pin 'u_booth/u_booth_code_7/prod_a[29]' has no loads. (LINT-2)
Warning: In design 'mul_tc_16_16', net 'u_booth/prod_7_pre[30]' driven by pin 'u_booth/u_booth_code_7/prod_a[30]' has no loads. (LINT-2)
Warning: In design 'mul_tc_16_16', net 'u_booth/prod_7_pre[31]' driven by pin 'u_booth/u_booth_code_7/prod_a[31]' has no loads. (LINT-2)
Warning: In design 'mul_tc_16_16', net 'u_booth/prod_6_pre[20]' driven by pin 'u_booth/u_booth_code_6/prod_a[20]' has no loads. (LINT-2)
Warning: In design 'mul_tc_16_16', net 'u_booth/prod_6_pre[21]' driven by pin 'u_booth/u_booth_code_6/prod_a[21]' has no loads. (LINT-2)
Warning: In design 'mul_tc_16_16', net 'u_booth/prod_6_pre[22]' driven by pin 'u_booth/u_booth_code_6/prod_a[22]' has no loads. (LINT-2)
Warning: In design 'mul_tc_16_16', net 'u_booth/prod_6_pre[23]' driven by pin 'u_booth/u_booth_code_6/prod_a[23]' has no loads. (LINT-2)
Warning: In design 'mul_tc_16_16', net 'u_booth/prod_6_pre[24]' driven by pin 'u_booth/u_booth_code_6/prod_a[24]' has no loads. (LINT-2)
Warning: In design 'mul_tc_16_16', net 'u_booth/prod_6_pre[25]' driven by pin 'u_booth/u_booth_code_6/prod_a[25]' has no loads. (LINT-2)
Warning: In design 'mul_tc_16_16', net 'u_booth/prod_6_pre[26]' driven by pin 'u_booth/u_booth_code_6/prod_a[26]' has no loads. (LINT-2)
Warning: In design 'mul_tc_16_16', net 'u_booth/prod_6_pre[27]' driven by pin 'u_booth/u_booth_code_6/prod_a[27]' has no loads. (LINT-2)
Warning: In design 'mul_tc_16_16', net 'u_booth/prod_6_pre[28]' driven by pin 'u_booth/u_booth_code_6/prod_a[28]' has no loads. (LINT-2)
Warning: In design 'mul_tc_16_16', net 'u_booth/prod_6_pre[29]' driven by pin 'u_booth/u_booth_code_6/prod_a[29]' has no loads. (LINT-2)
Warning: In design 'mul_tc_16_16', net 'u_booth/prod_6_pre[30]' driven by pin 'u_booth/u_booth_code_6/prod_a[30]' has no loads. (LINT-2)
Warning: In design 'mul_tc_16_16', net 'u_booth/prod_6_pre[31]' driven by pin 'u_booth/u_booth_code_6/prod_a[31]' has no loads. (LINT-2)
Warning: In design 'mul_tc_16_16', net 'u_booth/prod_5_pre[22]' driven by pin 'u_booth/u_booth_code_5/prod_a[22]' has no loads. (LINT-2)
Warning: In design 'mul_tc_16_16', net 'u_booth/prod_5_pre[23]' driven by pin 'u_booth/u_booth_code_5/prod_a[23]' has no loads. (LINT-2)
Warning: In design 'mul_tc_16_16', net 'u_booth/prod_5_pre[24]' driven by pin 'u_booth/u_booth_code_5/prod_a[24]' has no loads. (LINT-2)
Warning: In design 'mul_tc_16_16', net 'u_booth/prod_5_pre[25]' driven by pin 'u_booth/u_booth_code_5/prod_a[25]' has no loads. (LINT-2)
Warning: In design 'mul_tc_16_16', net 'u_booth/prod_5_pre[26]' driven by pin 'u_booth/u_booth_code_5/prod_a[26]' has no loads. (LINT-2)
Warning: In design 'mul_tc_16_16', net 'u_booth/prod_5_pre[27]' driven by pin 'u_booth/u_booth_code_5/prod_a[27]' has no loads. (LINT-2)
Warning: In design 'mul_tc_16_16', net 'u_booth/prod_5_pre[28]' driven by pin 'u_booth/u_booth_code_5/prod_a[28]' has no loads. (LINT-2)
Warning: In design 'mul_tc_16_16', net 'u_booth/prod_5_pre[29]' driven by pin 'u_booth/u_booth_code_5/prod_a[29]' has no loads. (LINT-2)
Warning: In design 'mul_tc_16_16', net 'u_booth/prod_5_pre[30]' driven by pin 'u_booth/u_booth_code_5/prod_a[30]' has no loads. (LINT-2)
Warning: In design 'mul_tc_16_16', net 'u_booth/prod_5_pre[31]' driven by pin 'u_booth/u_booth_code_5/prod_a[31]' has no loads. (LINT-2)
Warning: In design 'mul_tc_16_16', net 'u_booth/prod_4_pre[24]' driven by pin 'u_booth/u_booth_code_4/prod_a[24]' has no loads. (LINT-2)
Warning: In design 'mul_tc_16_16', net 'u_booth/prod_4_pre[25]' driven by pin 'u_booth/u_booth_code_4/prod_a[25]' has no loads. (LINT-2)
Warning: In design 'mul_tc_16_16', net 'u_booth/prod_4_pre[26]' driven by pin 'u_booth/u_booth_code_4/prod_a[26]' has no loads. (LINT-2)
Warning: In design 'mul_tc_16_16', net 'u_booth/prod_4_pre[27]' driven by pin 'u_booth/u_booth_code_4/prod_a[27]' has no loads. (LINT-2)
Warning: In design 'mul_tc_16_16', net 'u_booth/prod_4_pre[28]' driven by pin 'u_booth/u_booth_code_4/prod_a[28]' has no loads. (LINT-2)
Warning: In design 'mul_tc_16_16', net 'u_booth/prod_4_pre[29]' driven by pin 'u_booth/u_booth_code_4/prod_a[29]' has no loads. (LINT-2)
Warning: In design 'mul_tc_16_16', net 'u_booth/prod_4_pre[30]' driven by pin 'u_booth/u_booth_code_4/prod_a[30]' has no loads. (LINT-2)
Warning: In design 'mul_tc_16_16', net 'u_booth/prod_4_pre[31]' driven by pin 'u_booth/u_booth_code_4/prod_a[31]' has no loads. (LINT-2)
Warning: In design 'mul_tc_16_16', net 'u_booth/prod_3_pre[26]' driven by pin 'u_booth/u_booth_code_3/prod_a[26]' has no loads. (LINT-2)
Warning: In design 'mul_tc_16_16', net 'u_booth/prod_3_pre[27]' driven by pin 'u_booth/u_booth_code_3/prod_a[27]' has no loads. (LINT-2)
Warning: In design 'mul_tc_16_16', net 'u_booth/prod_3_pre[28]' driven by pin 'u_booth/u_booth_code_3/prod_a[28]' has no loads. (LINT-2)
Warning: In design 'mul_tc_16_16', net 'u_booth/prod_3_pre[29]' driven by pin 'u_booth/u_booth_code_3/prod_a[29]' has no loads. (LINT-2)
Warning: In design 'mul_tc_16_16', net 'u_booth/prod_3_pre[30]' driven by pin 'u_booth/u_booth_code_3/prod_a[30]' has no loads. (LINT-2)
Warning: In design 'mul_tc_16_16', net 'u_booth/prod_3_pre[31]' driven by pin 'u_booth/u_booth_code_3/prod_a[31]' has no loads. (LINT-2)
Warning: In design 'mul_tc_16_16', net 'u_booth/prod_2_pre[28]' driven by pin 'u_booth/u_booth_code_2/prod_a[28]' has no loads. (LINT-2)
Warning: In design 'mul_tc_16_16', net 'u_booth/prod_2_pre[29]' driven by pin 'u_booth/u_booth_code_2/prod_a[29]' has no loads. (LINT-2)
Warning: In design 'mul_tc_16_16', net 'u_booth/prod_2_pre[30]' driven by pin 'u_booth/u_booth_code_2/prod_a[30]' has no loads. (LINT-2)
Warning: In design 'mul_tc_16_16', net 'u_booth/prod_2_pre[31]' driven by pin 'u_booth/u_booth_code_2/prod_a[31]' has no loads. (LINT-2)
Warning: In design 'mul_tc_16_16', net 'u_booth/prod_1_pre[30]' driven by pin 'u_booth/u_booth_code_1/prod_a[30]' has no loads. (LINT-2)
Warning: In design 'mul_tc_16_16', net 'u_booth/prod_1_pre[31]' driven by pin 'u_booth/u_booth_code_1/prod_a[31]' has no loads. (LINT-2)
Warning: In design 'mul_tc_16_16', net 'u_wallace/b[31]' driven by pin 'u_wallace/u_wallace_tree/cout[31]' has no loads. (LINT-2)
Warning: In design 'mul_tc_16_16', net 'u_wallace/u_wallace_adder/G1_out' driven by pin 'u_wallace/u_wallace_adder/u2_2_carry/G' has no loads. (LINT-2)
Warning: In design 'mul_tc_16_16', net 'u_wallace/u_wallace_adder/P1_out' driven by pin 'u_wallace/u_wallace_adder/u2_2_carry/P' has no loads. (LINT-2)
Warning: In design 'booth', output port 'prod_1[1]' is connected directly to output port 'prod_1[0]'. (LINT-31)
Warning: In design 'booth', output port 'prod_2[3]' is connected directly to output port 'prod_2[0]'. (LINT-31)
Warning: In design 'booth', output port 'prod_2[3]' is connected directly to output port 'prod_2[1]'. (LINT-31)
Warning: In design 'booth', output port 'prod_2[3]' is connected directly to output port 'prod_2[2]'. (LINT-31)
Warning: In design 'booth', output port 'prod_3[5]' is connected directly to output port 'prod_3[0]'. (LINT-31)
Warning: In design 'booth', output port 'prod_3[5]' is connected directly to output port 'prod_3[1]'. (LINT-31)
Warning: In design 'booth', output port 'prod_3[5]' is connected directly to output port 'prod_3[2]'. (LINT-31)
Warning: In design 'booth', output port 'prod_3[5]' is connected directly to output port 'prod_3[3]'. (LINT-31)
Warning: In design 'booth', output port 'prod_3[5]' is connected directly to output port 'prod_3[4]'. (LINT-31)
Warning: In design 'booth', output port 'prod_4[7]' is connected directly to output port 'prod_4[0]'. (LINT-31)
Warning: In design 'booth', output port 'prod_4[7]' is connected directly to output port 'prod_4[1]'. (LINT-31)
Warning: In design 'booth', output port 'prod_4[7]' is connected directly to output port 'prod_4[2]'. (LINT-31)
Warning: In design 'booth', output port 'prod_4[7]' is connected directly to output port 'prod_4[3]'. (LINT-31)
Warning: In design 'booth', output port 'prod_4[7]' is connected directly to output port 'prod_4[4]'. (LINT-31)
Warning: In design 'booth', output port 'prod_4[7]' is connected directly to output port 'prod_4[5]'. (LINT-31)
Warning: In design 'booth', output port 'prod_4[7]' is connected directly to output port 'prod_4[6]'. (LINT-31)
Warning: In design 'booth', output port 'prod_5[9]' is connected directly to output port 'prod_5[0]'. (LINT-31)
Warning: In design 'booth', output port 'prod_5[9]' is connected directly to output port 'prod_5[1]'. (LINT-31)
Warning: In design 'booth', output port 'prod_5[9]' is connected directly to output port 'prod_5[2]'. (LINT-31)
Warning: In design 'booth', output port 'prod_5[9]' is connected directly to output port 'prod_5[3]'. (LINT-31)
Warning: In design 'booth', output port 'prod_5[9]' is connected directly to output port 'prod_5[4]'. (LINT-31)
Warning: In design 'booth', output port 'prod_5[9]' is connected directly to output port 'prod_5[5]'. (LINT-31)
Warning: In design 'booth', output port 'prod_5[9]' is connected directly to output port 'prod_5[6]'. (LINT-31)
Warning: In design 'booth', output port 'prod_5[9]' is connected directly to output port 'prod_5[7]'. (LINT-31)
Warning: In design 'booth', output port 'prod_5[9]' is connected directly to output port 'prod_5[8]'. (LINT-31)
Warning: In design 'booth', output port 'prod_6[11]' is connected directly to output port 'prod_6[0]'. (LINT-31)
Warning: In design 'booth', output port 'prod_6[11]' is connected directly to output port 'prod_6[1]'. (LINT-31)
Warning: In design 'booth', output port 'prod_6[11]' is connected directly to output port 'prod_6[2]'. (LINT-31)
Warning: In design 'booth', output port 'prod_6[11]' is connected directly to output port 'prod_6[3]'. (LINT-31)
Warning: In design 'booth', output port 'prod_6[11]' is connected directly to output port 'prod_6[4]'. (LINT-31)
Warning: In design 'booth', output port 'prod_6[11]' is connected directly to output port 'prod_6[5]'. (LINT-31)
Warning: In design 'booth', output port 'prod_6[11]' is connected directly to output port 'prod_6[6]'. (LINT-31)
Warning: In design 'booth', output port 'prod_6[11]' is connected directly to output port 'prod_6[7]'. (LINT-31)
Warning: In design 'booth', output port 'prod_6[11]' is connected directly to output port 'prod_6[8]'. (LINT-31)
Warning: In design 'booth', output port 'prod_6[11]' is connected directly to output port 'prod_6[9]'. (LINT-31)
Warning: In design 'booth', output port 'prod_6[11]' is connected directly to output port 'prod_6[10]'. (LINT-31)
Warning: In design 'booth', output port 'prod_7[13]' is connected directly to output port 'prod_7[0]'. (LINT-31)
Warning: In design 'booth', output port 'prod_7[13]' is connected directly to output port 'prod_7[1]'. (LINT-31)
Warning: In design 'booth', output port 'prod_7[13]' is connected directly to output port 'prod_7[2]'. (LINT-31)
Warning: In design 'booth', output port 'prod_7[13]' is connected directly to output port 'prod_7[3]'. (LINT-31)
Warning: In design 'booth', output port 'prod_7[13]' is connected directly to output port 'prod_7[4]'. (LINT-31)
Warning: In design 'booth', output port 'prod_7[13]' is connected directly to output port 'prod_7[5]'. (LINT-31)
Warning: In design 'booth', output port 'prod_7[13]' is connected directly to output port 'prod_7[6]'. (LINT-31)
Warning: In design 'booth', output port 'prod_7[13]' is connected directly to output port 'prod_7[7]'. (LINT-31)
Warning: In design 'booth', output port 'prod_7[13]' is connected directly to output port 'prod_7[8]'. (LINT-31)
Warning: In design 'booth', output port 'prod_7[13]' is connected directly to output port 'prod_7[9]'. (LINT-31)
Warning: In design 'booth', output port 'prod_7[13]' is connected directly to output port 'prod_7[10]'. (LINT-31)
Warning: In design 'booth', output port 'prod_7[13]' is connected directly to output port 'prod_7[11]'. (LINT-31)
Warning: In design 'booth', output port 'prod_7[13]' is connected directly to output port 'prod_7[12]'. (LINT-31)
Warning: In design 'booth', a pin on submodule 'u_booth_code_0' is connected to logic 1 or logic 0. (LINT-32)
   Pin 'b_code[0]' is connected to logic 0. 
1
