 
****************************************
Report : constraint
        -all_violators
        -verbose
Design : mul_tc_16_16
Version: O-2018.06-SP1
Date   : Sat Dec  9 23:19:35 2023
****************************************


    Net: product[0]

    max_capacitance        1.71
  - Capacitance            2.00
  ------------------------------
    Slack                 -0.29  (VIOLATED)


    Net: product[1]

    max_capacitance        1.71
  - Capacitance            2.00
  ------------------------------
    Slack                 -0.29  (VIOLATED)


    Net: product[2]

    max_capacitance        1.71
  - Capacitance            2.00
  ------------------------------
    Slack                 -0.29  (VIOLATED)


    Net: product[3]

    max_capacitance        1.71
  - Capacitance            2.00
  ------------------------------
    Slack                 -0.29  (VIOLATED)


    Net: product[4]

    max_capacitance        1.71
  - Capacitance            2.00
  ------------------------------
    Slack                 -0.29  (VIOLATED)


    Net: product[5]

    max_capacitance        1.71
  - Capacitance            2.00
  ------------------------------
    Slack                 -0.29  (VIOLATED)


    Net: product[6]

    max_capacitance        1.71
  - Capacitance            2.00
  ------------------------------
    Slack                 -0.29  (VIOLATED)


    Net: product[7]

    max_capacitance        1.71
  - Capacitance            2.00
  ------------------------------
    Slack                 -0.29  (VIOLATED)


    Net: product[8]

    max_capacitance        1.71
  - Capacitance            2.00
  ------------------------------
    Slack                 -0.29  (VIOLATED)


    Net: product[9]

    max_capacitance        1.71
  - Capacitance            2.00
  ------------------------------
    Slack                 -0.29  (VIOLATED)


    Net: product[10]

    max_capacitance        1.71
  - Capacitance            2.00
  ------------------------------
    Slack                 -0.29  (VIOLATED)


    Net: product[11]

    max_capacitance        1.71
  - Capacitance            2.00
  ------------------------------
    Slack                 -0.29  (VIOLATED)


    Net: product[12]

    max_capacitance        1.71
  - Capacitance            2.00
  ------------------------------
    Slack                 -0.29  (VIOLATED)


    Net: product[13]

    max_capacitance        1.71
  - Capacitance            2.00
  ------------------------------
    Slack                 -0.29  (VIOLATED)


    Net: product[14]

    max_capacitance        1.71
  - Capacitance            2.00
  ------------------------------
    Slack                 -0.29  (VIOLATED)


    Net: product[15]

    max_capacitance        1.71
  - Capacitance            2.00
  ------------------------------
    Slack                 -0.29  (VIOLATED)


    Net: product[16]

    max_capacitance        1.71
  - Capacitance            2.00
  ------------------------------
    Slack                 -0.29  (VIOLATED)


    Net: product[17]

    max_capacitance        1.71
  - Capacitance            2.00
  ------------------------------
    Slack                 -0.29  (VIOLATED)


    Net: product[18]

    max_capacitance        1.71
  - Capacitance            2.00
  ------------------------------
    Slack                 -0.29  (VIOLATED)


    Net: product[19]

    max_capacitance        1.71
  - Capacitance            2.00
  ------------------------------
    Slack                 -0.29  (VIOLATED)


    Net: product[20]

    max_capacitance        1.71
  - Capacitance            2.00
  ------------------------------
    Slack                 -0.29  (VIOLATED)


    Net: product[21]

    max_capacitance        1.71
  - Capacitance            2.00
  ------------------------------
    Slack                 -0.29  (VIOLATED)


    Net: product[22]

    max_capacitance        1.71
  - Capacitance            2.00
  ------------------------------
    Slack                 -0.29  (VIOLATED)


    Net: product[23]

    max_capacitance        1.71
  - Capacitance            2.00
  ------------------------------
    Slack                 -0.29  (VIOLATED)


    Net: product[24]

    max_capacitance        1.71
  - Capacitance            2.00
  ------------------------------
    Slack                 -0.29  (VIOLATED)


    Net: product[25]

    max_capacitance        1.71
  - Capacitance            2.00
  ------------------------------
    Slack                 -0.29  (VIOLATED)


    Net: product[26]

    max_capacitance        1.71
  - Capacitance            2.00
  ------------------------------
    Slack                 -0.29  (VIOLATED)


    Net: product[27]

    max_capacitance        1.71
  - Capacitance            2.00
  ------------------------------
    Slack                 -0.29  (VIOLATED)


    Net: product[28]

    max_capacitance        1.71
  - Capacitance            2.00
  ------------------------------
    Slack                 -0.29  (VIOLATED)


    Net: product[29]

    max_capacitance        1.71
  - Capacitance            2.00
  ------------------------------
    Slack                 -0.29  (VIOLATED)


    Net: product[30]

    max_capacitance        1.71
  - Capacitance            2.00
  ------------------------------
    Slack                 -0.29  (VIOLATED)


    Net: product[31]

    max_capacitance        1.71
  - Capacitance            2.00
  ------------------------------
    Slack                 -0.29  (VIOLATED)


    Design: mul_tc_16_16

    max_area               0.00
  - Current Area       14229.30
  ------------------------------
    Slack              -14229.30  (VIOLATED)


1
