 
****************************************
check_design summary:
Version:     O-2018.06-SP1
Date:        Mon Jan  1 20:41:51 2024
****************************************

                   Name                                            Total
--------------------------------------------------------------------------------
Inputs/Outputs                                                    343
    Unconnected ports (LINT-28)                                   343

Cells                                                             343
    Connected to power or ground (LINT-32)                        329
    Nets connected to multiple pins on same cell (LINT-33)         14
--------------------------------------------------------------------------------

Warning: In design 'sqrt_DW01_sub_0', port 'B[29]' is not connected to any nets. (LINT-28)
Warning: In design 'sqrt_DW01_sub_0', port 'B[28]' is not connected to any nets. (LINT-28)
Warning: In design 'sqrt_DW01_sub_0', port 'B[27]' is not connected to any nets. (LINT-28)
Warning: In design 'sqrt_DW01_sub_0', port 'B[26]' is not connected to any nets. (LINT-28)
Warning: In design 'sqrt_DW01_sub_0', port 'B[25]' is not connected to any nets. (LINT-28)
Warning: In design 'sqrt_DW01_sub_0', port 'B[24]' is not connected to any nets. (LINT-28)
Warning: In design 'sqrt_DW01_sub_0', port 'B[23]' is not connected to any nets. (LINT-28)
Warning: In design 'sqrt_DW01_sub_0', port 'B[22]' is not connected to any nets. (LINT-28)
Warning: In design 'sqrt_DW01_sub_0', port 'B[21]' is not connected to any nets. (LINT-28)
Warning: In design 'sqrt_DW01_sub_0', port 'B[20]' is not connected to any nets. (LINT-28)
Warning: In design 'sqrt_DW01_sub_0', port 'B[19]' is not connected to any nets. (LINT-28)
Warning: In design 'sqrt_DW01_sub_0', port 'B[18]' is not connected to any nets. (LINT-28)
Warning: In design 'sqrt_DW01_sub_0', port 'B[17]' is not connected to any nets. (LINT-28)
Warning: In design 'sqrt_DW01_sub_0', port 'B[16]' is not connected to any nets. (LINT-28)
Warning: In design 'sqrt_DW01_sub_0', port 'B[1]' is not connected to any nets. (LINT-28)
Warning: In design 'sqrt_DW01_sub_0', port 'B[0]' is not connected to any nets. (LINT-28)
Warning: In design 'sqrt_DW01_sub_0', port 'CI' is not connected to any nets. (LINT-28)
Warning: In design 'sqrt_DW01_sub_0', port 'CO' is not connected to any nets. (LINT-28)
Warning: In design 'sqrt_DW01_sub_1', port 'B[29]' is not connected to any nets. (LINT-28)
Warning: In design 'sqrt_DW01_sub_1', port 'B[28]' is not connected to any nets. (LINT-28)
Warning: In design 'sqrt_DW01_sub_1', port 'B[27]' is not connected to any nets. (LINT-28)
Warning: In design 'sqrt_DW01_sub_1', port 'B[26]' is not connected to any nets. (LINT-28)
Warning: In design 'sqrt_DW01_sub_1', port 'B[25]' is not connected to any nets. (LINT-28)
Warning: In design 'sqrt_DW01_sub_1', port 'B[24]' is not connected to any nets. (LINT-28)
Warning: In design 'sqrt_DW01_sub_1', port 'B[23]' is not connected to any nets. (LINT-28)
Warning: In design 'sqrt_DW01_sub_1', port 'B[22]' is not connected to any nets. (LINT-28)
Warning: In design 'sqrt_DW01_sub_1', port 'B[21]' is not connected to any nets. (LINT-28)
Warning: In design 'sqrt_DW01_sub_1', port 'B[20]' is not connected to any nets. (LINT-28)
Warning: In design 'sqrt_DW01_sub_1', port 'B[19]' is not connected to any nets. (LINT-28)
Warning: In design 'sqrt_DW01_sub_1', port 'B[18]' is not connected to any nets. (LINT-28)
Warning: In design 'sqrt_DW01_sub_1', port 'B[17]' is not connected to any nets. (LINT-28)
Warning: In design 'sqrt_DW01_sub_1', port 'B[16]' is not connected to any nets. (LINT-28)
Warning: In design 'sqrt_DW01_sub_1', port 'B[15]' is not connected to any nets. (LINT-28)
Warning: In design 'sqrt_DW01_sub_1', port 'B[1]' is not connected to any nets. (LINT-28)
Warning: In design 'sqrt_DW01_sub_1', port 'B[0]' is not connected to any nets. (LINT-28)
Warning: In design 'sqrt_DW01_sub_1', port 'CI' is not connected to any nets. (LINT-28)
Warning: In design 'sqrt_DW01_sub_1', port 'CO' is not connected to any nets. (LINT-28)
Warning: In design 'sqrt_DW01_sub_2', port 'B[29]' is not connected to any nets. (LINT-28)
Warning: In design 'sqrt_DW01_sub_2', port 'B[28]' is not connected to any nets. (LINT-28)
Warning: In design 'sqrt_DW01_sub_2', port 'B[27]' is not connected to any nets. (LINT-28)
Warning: In design 'sqrt_DW01_sub_2', port 'B[26]' is not connected to any nets. (LINT-28)
Warning: In design 'sqrt_DW01_sub_2', port 'B[25]' is not connected to any nets. (LINT-28)
Warning: In design 'sqrt_DW01_sub_2', port 'B[24]' is not connected to any nets. (LINT-28)
Warning: In design 'sqrt_DW01_sub_2', port 'B[23]' is not connected to any nets. (LINT-28)
Warning: In design 'sqrt_DW01_sub_2', port 'B[22]' is not connected to any nets. (LINT-28)
Warning: In design 'sqrt_DW01_sub_2', port 'B[21]' is not connected to any nets. (LINT-28)
Warning: In design 'sqrt_DW01_sub_2', port 'B[20]' is not connected to any nets. (LINT-28)
Warning: In design 'sqrt_DW01_sub_2', port 'B[19]' is not connected to any nets. (LINT-28)
Warning: In design 'sqrt_DW01_sub_2', port 'B[18]' is not connected to any nets. (LINT-28)
Warning: In design 'sqrt_DW01_sub_2', port 'B[17]' is not connected to any nets. (LINT-28)
Warning: In design 'sqrt_DW01_sub_2', port 'B[16]' is not connected to any nets. (LINT-28)
Warning: In design 'sqrt_DW01_sub_2', port 'B[15]' is not connected to any nets. (LINT-28)
Warning: In design 'sqrt_DW01_sub_2', port 'B[14]' is not connected to any nets. (LINT-28)
Warning: In design 'sqrt_DW01_sub_2', port 'B[1]' is not connected to any nets. (LINT-28)
Warning: In design 'sqrt_DW01_sub_2', port 'B[0]' is not connected to any nets. (LINT-28)
Warning: In design 'sqrt_DW01_sub_2', port 'CI' is not connected to any nets. (LINT-28)
Warning: In design 'sqrt_DW01_sub_2', port 'CO' is not connected to any nets. (LINT-28)
Warning: In design 'sqrt_DW01_sub_3', port 'B[29]' is not connected to any nets. (LINT-28)
Warning: In design 'sqrt_DW01_sub_3', port 'B[28]' is not connected to any nets. (LINT-28)
Warning: In design 'sqrt_DW01_sub_3', port 'B[27]' is not connected to any nets. (LINT-28)
Warning: In design 'sqrt_DW01_sub_3', port 'B[26]' is not connected to any nets. (LINT-28)
Warning: In design 'sqrt_DW01_sub_3', port 'B[25]' is not connected to any nets. (LINT-28)
Warning: In design 'sqrt_DW01_sub_3', port 'B[24]' is not connected to any nets. (LINT-28)
Warning: In design 'sqrt_DW01_sub_3', port 'B[23]' is not connected to any nets. (LINT-28)
Warning: In design 'sqrt_DW01_sub_3', port 'B[22]' is not connected to any nets. (LINT-28)
Warning: In design 'sqrt_DW01_sub_3', port 'B[21]' is not connected to any nets. (LINT-28)
Warning: In design 'sqrt_DW01_sub_3', port 'B[20]' is not connected to any nets. (LINT-28)
Warning: In design 'sqrt_DW01_sub_3', port 'B[19]' is not connected to any nets. (LINT-28)
Warning: In design 'sqrt_DW01_sub_3', port 'B[18]' is not connected to any nets. (LINT-28)
Warning: In design 'sqrt_DW01_sub_3', port 'B[17]' is not connected to any nets. (LINT-28)
Warning: In design 'sqrt_DW01_sub_3', port 'B[16]' is not connected to any nets. (LINT-28)
Warning: In design 'sqrt_DW01_sub_3', port 'B[15]' is not connected to any nets. (LINT-28)
Warning: In design 'sqrt_DW01_sub_3', port 'B[14]' is not connected to any nets. (LINT-28)
Warning: In design 'sqrt_DW01_sub_3', port 'B[13]' is not connected to any nets. (LINT-28)
Warning: In design 'sqrt_DW01_sub_3', port 'B[1]' is not connected to any nets. (LINT-28)
Warning: In design 'sqrt_DW01_sub_3', port 'B[0]' is not connected to any nets. (LINT-28)
Warning: In design 'sqrt_DW01_sub_3', port 'CI' is not connected to any nets. (LINT-28)
Warning: In design 'sqrt_DW01_sub_3', port 'CO' is not connected to any nets. (LINT-28)
Warning: In design 'sqrt_DW01_sub_4', port 'B[29]' is not connected to any nets. (LINT-28)
Warning: In design 'sqrt_DW01_sub_4', port 'B[28]' is not connected to any nets. (LINT-28)
Warning: In design 'sqrt_DW01_sub_4', port 'B[27]' is not connected to any nets. (LINT-28)
Warning: In design 'sqrt_DW01_sub_4', port 'B[26]' is not connected to any nets. (LINT-28)
Warning: In design 'sqrt_DW01_sub_4', port 'B[25]' is not connected to any nets. (LINT-28)
Warning: In design 'sqrt_DW01_sub_4', port 'B[24]' is not connected to any nets. (LINT-28)
Warning: In design 'sqrt_DW01_sub_4', port 'B[23]' is not connected to any nets. (LINT-28)
Warning: In design 'sqrt_DW01_sub_4', port 'B[22]' is not connected to any nets. (LINT-28)
Warning: In design 'sqrt_DW01_sub_4', port 'B[21]' is not connected to any nets. (LINT-28)
Warning: In design 'sqrt_DW01_sub_4', port 'B[20]' is not connected to any nets. (LINT-28)
Warning: In design 'sqrt_DW01_sub_4', port 'B[19]' is not connected to any nets. (LINT-28)
Warning: In design 'sqrt_DW01_sub_4', port 'B[18]' is not connected to any nets. (LINT-28)
Warning: In design 'sqrt_DW01_sub_4', port 'B[17]' is not connected to any nets. (LINT-28)
Warning: In design 'sqrt_DW01_sub_4', port 'B[16]' is not connected to any nets. (LINT-28)
Warning: In design 'sqrt_DW01_sub_4', port 'B[15]' is not connected to any nets. (LINT-28)
Warning: In design 'sqrt_DW01_sub_4', port 'B[14]' is not connected to any nets. (LINT-28)
Warning: In design 'sqrt_DW01_sub_4', port 'B[13]' is not connected to any nets. (LINT-28)
Warning: In design 'sqrt_DW01_sub_4', port 'B[12]' is not connected to any nets. (LINT-28)
Warning: In design 'sqrt_DW01_sub_4', port 'B[1]' is not connected to any nets. (LINT-28)
Warning: In design 'sqrt_DW01_sub_4', port 'B[0]' is not connected to any nets. (LINT-28)
Warning: In design 'sqrt_DW01_sub_4', port 'CI' is not connected to any nets. (LINT-28)
Warning: In design 'sqrt_DW01_sub_4', port 'CO' is not connected to any nets. (LINT-28)
Warning: In design 'sqrt_DW01_sub_5', port 'B[29]' is not connected to any nets. (LINT-28)
Warning: In design 'sqrt_DW01_sub_5', port 'B[28]' is not connected to any nets. (LINT-28)
Warning: In design 'sqrt_DW01_sub_5', port 'B[27]' is not connected to any nets. (LINT-28)
Warning: In design 'sqrt_DW01_sub_5', port 'B[26]' is not connected to any nets. (LINT-28)
Warning: In design 'sqrt_DW01_sub_5', port 'B[25]' is not connected to any nets. (LINT-28)
Warning: In design 'sqrt_DW01_sub_5', port 'B[24]' is not connected to any nets. (LINT-28)
Warning: In design 'sqrt_DW01_sub_5', port 'B[23]' is not connected to any nets. (LINT-28)
Warning: In design 'sqrt_DW01_sub_5', port 'B[22]' is not connected to any nets. (LINT-28)
Warning: In design 'sqrt_DW01_sub_5', port 'B[21]' is not connected to any nets. (LINT-28)
Warning: In design 'sqrt_DW01_sub_5', port 'B[20]' is not connected to any nets. (LINT-28)
Warning: In design 'sqrt_DW01_sub_5', port 'B[19]' is not connected to any nets. (LINT-28)
Warning: In design 'sqrt_DW01_sub_5', port 'B[18]' is not connected to any nets. (LINT-28)
Warning: In design 'sqrt_DW01_sub_5', port 'B[17]' is not connected to any nets. (LINT-28)
Warning: In design 'sqrt_DW01_sub_5', port 'B[16]' is not connected to any nets. (LINT-28)
Warning: In design 'sqrt_DW01_sub_5', port 'B[15]' is not connected to any nets. (LINT-28)
Warning: In design 'sqrt_DW01_sub_5', port 'B[14]' is not connected to any nets. (LINT-28)
Warning: In design 'sqrt_DW01_sub_5', port 'B[13]' is not connected to any nets. (LINT-28)
Warning: In design 'sqrt_DW01_sub_5', port 'B[12]' is not connected to any nets. (LINT-28)
Warning: In design 'sqrt_DW01_sub_5', port 'B[11]' is not connected to any nets. (LINT-28)
Warning: In design 'sqrt_DW01_sub_5', port 'B[1]' is not connected to any nets. (LINT-28)
Warning: In design 'sqrt_DW01_sub_5', port 'B[0]' is not connected to any nets. (LINT-28)
Warning: In design 'sqrt_DW01_sub_5', port 'CI' is not connected to any nets. (LINT-28)
Warning: In design 'sqrt_DW01_sub_5', port 'CO' is not connected to any nets. (LINT-28)
Warning: In design 'sqrt_DW01_sub_6', port 'B[29]' is not connected to any nets. (LINT-28)
Warning: In design 'sqrt_DW01_sub_6', port 'B[28]' is not connected to any nets. (LINT-28)
Warning: In design 'sqrt_DW01_sub_6', port 'B[27]' is not connected to any nets. (LINT-28)
Warning: In design 'sqrt_DW01_sub_6', port 'B[26]' is not connected to any nets. (LINT-28)
Warning: In design 'sqrt_DW01_sub_6', port 'B[25]' is not connected to any nets. (LINT-28)
Warning: In design 'sqrt_DW01_sub_6', port 'B[24]' is not connected to any nets. (LINT-28)
Warning: In design 'sqrt_DW01_sub_6', port 'B[23]' is not connected to any nets. (LINT-28)
Warning: In design 'sqrt_DW01_sub_6', port 'B[22]' is not connected to any nets. (LINT-28)
Warning: In design 'sqrt_DW01_sub_6', port 'B[21]' is not connected to any nets. (LINT-28)
Warning: In design 'sqrt_DW01_sub_6', port 'B[20]' is not connected to any nets. (LINT-28)
Warning: In design 'sqrt_DW01_sub_6', port 'B[19]' is not connected to any nets. (LINT-28)
Warning: In design 'sqrt_DW01_sub_6', port 'B[18]' is not connected to any nets. (LINT-28)
Warning: In design 'sqrt_DW01_sub_6', port 'B[17]' is not connected to any nets. (LINT-28)
Warning: In design 'sqrt_DW01_sub_6', port 'B[16]' is not connected to any nets. (LINT-28)
Warning: In design 'sqrt_DW01_sub_6', port 'B[15]' is not connected to any nets. (LINT-28)
Warning: In design 'sqrt_DW01_sub_6', port 'B[14]' is not connected to any nets. (LINT-28)
Warning: In design 'sqrt_DW01_sub_6', port 'B[13]' is not connected to any nets. (LINT-28)
Warning: In design 'sqrt_DW01_sub_6', port 'B[12]' is not connected to any nets. (LINT-28)
Warning: In design 'sqrt_DW01_sub_6', port 'B[11]' is not connected to any nets. (LINT-28)
Warning: In design 'sqrt_DW01_sub_6', port 'B[10]' is not connected to any nets. (LINT-28)
Warning: In design 'sqrt_DW01_sub_6', port 'B[1]' is not connected to any nets. (LINT-28)
Warning: In design 'sqrt_DW01_sub_6', port 'B[0]' is not connected to any nets. (LINT-28)
Warning: In design 'sqrt_DW01_sub_6', port 'CI' is not connected to any nets. (LINT-28)
Warning: In design 'sqrt_DW01_sub_6', port 'CO' is not connected to any nets. (LINT-28)
Warning: In design 'sqrt_DW01_sub_7', port 'B[29]' is not connected to any nets. (LINT-28)
Warning: In design 'sqrt_DW01_sub_7', port 'B[28]' is not connected to any nets. (LINT-28)
Warning: In design 'sqrt_DW01_sub_7', port 'B[27]' is not connected to any nets. (LINT-28)
Warning: In design 'sqrt_DW01_sub_7', port 'B[26]' is not connected to any nets. (LINT-28)
Warning: In design 'sqrt_DW01_sub_7', port 'B[25]' is not connected to any nets. (LINT-28)
Warning: In design 'sqrt_DW01_sub_7', port 'B[24]' is not connected to any nets. (LINT-28)
Warning: In design 'sqrt_DW01_sub_7', port 'B[23]' is not connected to any nets. (LINT-28)
Warning: In design 'sqrt_DW01_sub_7', port 'B[22]' is not connected to any nets. (LINT-28)
Warning: In design 'sqrt_DW01_sub_7', port 'B[21]' is not connected to any nets. (LINT-28)
Warning: In design 'sqrt_DW01_sub_7', port 'B[20]' is not connected to any nets. (LINT-28)
Warning: In design 'sqrt_DW01_sub_7', port 'B[19]' is not connected to any nets. (LINT-28)
Warning: In design 'sqrt_DW01_sub_7', port 'B[18]' is not connected to any nets. (LINT-28)
Warning: In design 'sqrt_DW01_sub_7', port 'B[17]' is not connected to any nets. (LINT-28)
Warning: In design 'sqrt_DW01_sub_7', port 'B[16]' is not connected to any nets. (LINT-28)
Warning: In design 'sqrt_DW01_sub_7', port 'B[15]' is not connected to any nets. (LINT-28)
Warning: In design 'sqrt_DW01_sub_7', port 'B[14]' is not connected to any nets. (LINT-28)
Warning: In design 'sqrt_DW01_sub_7', port 'B[13]' is not connected to any nets. (LINT-28)
Warning: In design 'sqrt_DW01_sub_7', port 'B[12]' is not connected to any nets. (LINT-28)
Warning: In design 'sqrt_DW01_sub_7', port 'B[11]' is not connected to any nets. (LINT-28)
Warning: In design 'sqrt_DW01_sub_7', port 'B[10]' is not connected to any nets. (LINT-28)
Warning: In design 'sqrt_DW01_sub_7', port 'B[9]' is not connected to any nets. (LINT-28)
Warning: In design 'sqrt_DW01_sub_7', port 'B[1]' is not connected to any nets. (LINT-28)
Warning: In design 'sqrt_DW01_sub_7', port 'B[0]' is not connected to any nets. (LINT-28)
Warning: In design 'sqrt_DW01_sub_7', port 'CI' is not connected to any nets. (LINT-28)
Warning: In design 'sqrt_DW01_sub_7', port 'CO' is not connected to any nets. (LINT-28)
Warning: In design 'sqrt_DW01_sub_8', port 'B[29]' is not connected to any nets. (LINT-28)
Warning: In design 'sqrt_DW01_sub_8', port 'B[28]' is not connected to any nets. (LINT-28)
Warning: In design 'sqrt_DW01_sub_8', port 'B[27]' is not connected to any nets. (LINT-28)
Warning: In design 'sqrt_DW01_sub_8', port 'B[26]' is not connected to any nets. (LINT-28)
Warning: In design 'sqrt_DW01_sub_8', port 'B[25]' is not connected to any nets. (LINT-28)
Warning: In design 'sqrt_DW01_sub_8', port 'B[24]' is not connected to any nets. (LINT-28)
Warning: In design 'sqrt_DW01_sub_8', port 'B[23]' is not connected to any nets. (LINT-28)
Warning: In design 'sqrt_DW01_sub_8', port 'B[22]' is not connected to any nets. (LINT-28)
Warning: In design 'sqrt_DW01_sub_8', port 'B[21]' is not connected to any nets. (LINT-28)
Warning: In design 'sqrt_DW01_sub_8', port 'B[20]' is not connected to any nets. (LINT-28)
Warning: In design 'sqrt_DW01_sub_8', port 'B[19]' is not connected to any nets. (LINT-28)
Warning: In design 'sqrt_DW01_sub_8', port 'B[18]' is not connected to any nets. (LINT-28)
Warning: In design 'sqrt_DW01_sub_8', port 'B[17]' is not connected to any nets. (LINT-28)
Warning: In design 'sqrt_DW01_sub_8', port 'B[16]' is not connected to any nets. (LINT-28)
Warning: In design 'sqrt_DW01_sub_8', port 'B[15]' is not connected to any nets. (LINT-28)
Warning: In design 'sqrt_DW01_sub_8', port 'B[14]' is not connected to any nets. (LINT-28)
Warning: In design 'sqrt_DW01_sub_8', port 'B[13]' is not connected to any nets. (LINT-28)
Warning: In design 'sqrt_DW01_sub_8', port 'B[12]' is not connected to any nets. (LINT-28)
Warning: In design 'sqrt_DW01_sub_8', port 'B[11]' is not connected to any nets. (LINT-28)
Warning: In design 'sqrt_DW01_sub_8', port 'B[10]' is not connected to any nets. (LINT-28)
Warning: In design 'sqrt_DW01_sub_8', port 'B[9]' is not connected to any nets. (LINT-28)
Warning: In design 'sqrt_DW01_sub_8', port 'B[8]' is not connected to any nets. (LINT-28)
Warning: In design 'sqrt_DW01_sub_8', port 'B[1]' is not connected to any nets. (LINT-28)
Warning: In design 'sqrt_DW01_sub_8', port 'B[0]' is not connected to any nets. (LINT-28)
Warning: In design 'sqrt_DW01_sub_8', port 'CI' is not connected to any nets. (LINT-28)
Warning: In design 'sqrt_DW01_sub_8', port 'CO' is not connected to any nets. (LINT-28)
Warning: In design 'sqrt_DW01_sub_9', port 'B[29]' is not connected to any nets. (LINT-28)
Warning: In design 'sqrt_DW01_sub_9', port 'B[28]' is not connected to any nets. (LINT-28)
Warning: In design 'sqrt_DW01_sub_9', port 'B[27]' is not connected to any nets. (LINT-28)
Warning: In design 'sqrt_DW01_sub_9', port 'B[26]' is not connected to any nets. (LINT-28)
Warning: In design 'sqrt_DW01_sub_9', port 'B[25]' is not connected to any nets. (LINT-28)
Warning: In design 'sqrt_DW01_sub_9', port 'B[24]' is not connected to any nets. (LINT-28)
Warning: In design 'sqrt_DW01_sub_9', port 'B[23]' is not connected to any nets. (LINT-28)
Warning: In design 'sqrt_DW01_sub_9', port 'B[22]' is not connected to any nets. (LINT-28)
Warning: In design 'sqrt_DW01_sub_9', port 'B[21]' is not connected to any nets. (LINT-28)
Warning: In design 'sqrt_DW01_sub_9', port 'B[20]' is not connected to any nets. (LINT-28)
Warning: In design 'sqrt_DW01_sub_9', port 'B[19]' is not connected to any nets. (LINT-28)
Warning: In design 'sqrt_DW01_sub_9', port 'B[18]' is not connected to any nets. (LINT-28)
Warning: In design 'sqrt_DW01_sub_9', port 'B[17]' is not connected to any nets. (LINT-28)
Warning: In design 'sqrt_DW01_sub_9', port 'B[16]' is not connected to any nets. (LINT-28)
Warning: In design 'sqrt_DW01_sub_9', port 'B[15]' is not connected to any nets. (LINT-28)
Warning: In design 'sqrt_DW01_sub_9', port 'B[14]' is not connected to any nets. (LINT-28)
Warning: In design 'sqrt_DW01_sub_9', port 'B[13]' is not connected to any nets. (LINT-28)
Warning: In design 'sqrt_DW01_sub_9', port 'B[12]' is not connected to any nets. (LINT-28)
Warning: In design 'sqrt_DW01_sub_9', port 'B[11]' is not connected to any nets. (LINT-28)
Warning: In design 'sqrt_DW01_sub_9', port 'B[10]' is not connected to any nets. (LINT-28)
Warning: In design 'sqrt_DW01_sub_9', port 'B[9]' is not connected to any nets. (LINT-28)
Warning: In design 'sqrt_DW01_sub_9', port 'B[8]' is not connected to any nets. (LINT-28)
Warning: In design 'sqrt_DW01_sub_9', port 'B[7]' is not connected to any nets. (LINT-28)
Warning: In design 'sqrt_DW01_sub_9', port 'B[1]' is not connected to any nets. (LINT-28)
Warning: In design 'sqrt_DW01_sub_9', port 'B[0]' is not connected to any nets. (LINT-28)
Warning: In design 'sqrt_DW01_sub_9', port 'CI' is not connected to any nets. (LINT-28)
Warning: In design 'sqrt_DW01_sub_9', port 'CO' is not connected to any nets. (LINT-28)
Warning: In design 'sqrt_DW01_sub_10', port 'B[29]' is not connected to any nets. (LINT-28)
Warning: In design 'sqrt_DW01_sub_10', port 'B[28]' is not connected to any nets. (LINT-28)
Warning: In design 'sqrt_DW01_sub_10', port 'B[27]' is not connected to any nets. (LINT-28)
Warning: In design 'sqrt_DW01_sub_10', port 'B[26]' is not connected to any nets. (LINT-28)
Warning: In design 'sqrt_DW01_sub_10', port 'B[25]' is not connected to any nets. (LINT-28)
Warning: In design 'sqrt_DW01_sub_10', port 'B[24]' is not connected to any nets. (LINT-28)
Warning: In design 'sqrt_DW01_sub_10', port 'B[23]' is not connected to any nets. (LINT-28)
Warning: In design 'sqrt_DW01_sub_10', port 'B[22]' is not connected to any nets. (LINT-28)
Warning: In design 'sqrt_DW01_sub_10', port 'B[21]' is not connected to any nets. (LINT-28)
Warning: In design 'sqrt_DW01_sub_10', port 'B[20]' is not connected to any nets. (LINT-28)
Warning: In design 'sqrt_DW01_sub_10', port 'B[19]' is not connected to any nets. (LINT-28)
Warning: In design 'sqrt_DW01_sub_10', port 'B[18]' is not connected to any nets. (LINT-28)
Warning: In design 'sqrt_DW01_sub_10', port 'B[17]' is not connected to any nets. (LINT-28)
Warning: In design 'sqrt_DW01_sub_10', port 'B[16]' is not connected to any nets. (LINT-28)
Warning: In design 'sqrt_DW01_sub_10', port 'B[15]' is not connected to any nets. (LINT-28)
Warning: In design 'sqrt_DW01_sub_10', port 'B[14]' is not connected to any nets. (LINT-28)
Warning: In design 'sqrt_DW01_sub_10', port 'B[13]' is not connected to any nets. (LINT-28)
Warning: In design 'sqrt_DW01_sub_10', port 'B[12]' is not connected to any nets. (LINT-28)
Warning: In design 'sqrt_DW01_sub_10', port 'B[11]' is not connected to any nets. (LINT-28)
Warning: In design 'sqrt_DW01_sub_10', port 'B[10]' is not connected to any nets. (LINT-28)
Warning: In design 'sqrt_DW01_sub_10', port 'B[9]' is not connected to any nets. (LINT-28)
Warning: In design 'sqrt_DW01_sub_10', port 'B[8]' is not connected to any nets. (LINT-28)
Warning: In design 'sqrt_DW01_sub_10', port 'B[7]' is not connected to any nets. (LINT-28)
Warning: In design 'sqrt_DW01_sub_10', port 'B[6]' is not connected to any nets. (LINT-28)
Warning: In design 'sqrt_DW01_sub_10', port 'B[1]' is not connected to any nets. (LINT-28)
Warning: In design 'sqrt_DW01_sub_10', port 'B[0]' is not connected to any nets. (LINT-28)
Warning: In design 'sqrt_DW01_sub_10', port 'CI' is not connected to any nets. (LINT-28)
Warning: In design 'sqrt_DW01_sub_10', port 'CO' is not connected to any nets. (LINT-28)
Warning: In design 'sqrt_DW01_sub_11', port 'B[29]' is not connected to any nets. (LINT-28)
Warning: In design 'sqrt_DW01_sub_11', port 'B[28]' is not connected to any nets. (LINT-28)
Warning: In design 'sqrt_DW01_sub_11', port 'B[27]' is not connected to any nets. (LINT-28)
Warning: In design 'sqrt_DW01_sub_11', port 'B[26]' is not connected to any nets. (LINT-28)
Warning: In design 'sqrt_DW01_sub_11', port 'B[25]' is not connected to any nets. (LINT-28)
Warning: In design 'sqrt_DW01_sub_11', port 'B[24]' is not connected to any nets. (LINT-28)
Warning: In design 'sqrt_DW01_sub_11', port 'B[23]' is not connected to any nets. (LINT-28)
Warning: In design 'sqrt_DW01_sub_11', port 'B[22]' is not connected to any nets. (LINT-28)
Warning: In design 'sqrt_DW01_sub_11', port 'B[21]' is not connected to any nets. (LINT-28)
Warning: In design 'sqrt_DW01_sub_11', port 'B[20]' is not connected to any nets. (LINT-28)
Warning: In design 'sqrt_DW01_sub_11', port 'B[19]' is not connected to any nets. (LINT-28)
Warning: In design 'sqrt_DW01_sub_11', port 'B[18]' is not connected to any nets. (LINT-28)
Warning: In design 'sqrt_DW01_sub_11', port 'B[17]' is not connected to any nets. (LINT-28)
Warning: In design 'sqrt_DW01_sub_11', port 'B[16]' is not connected to any nets. (LINT-28)
Warning: In design 'sqrt_DW01_sub_11', port 'B[15]' is not connected to any nets. (LINT-28)
Warning: In design 'sqrt_DW01_sub_11', port 'B[14]' is not connected to any nets. (LINT-28)
Warning: In design 'sqrt_DW01_sub_11', port 'B[13]' is not connected to any nets. (LINT-28)
Warning: In design 'sqrt_DW01_sub_11', port 'B[12]' is not connected to any nets. (LINT-28)
Warning: In design 'sqrt_DW01_sub_11', port 'B[11]' is not connected to any nets. (LINT-28)
Warning: In design 'sqrt_DW01_sub_11', port 'B[10]' is not connected to any nets. (LINT-28)
Warning: In design 'sqrt_DW01_sub_11', port 'B[9]' is not connected to any nets. (LINT-28)
Warning: In design 'sqrt_DW01_sub_11', port 'B[8]' is not connected to any nets. (LINT-28)
Warning: In design 'sqrt_DW01_sub_11', port 'B[7]' is not connected to any nets. (LINT-28)
Warning: In design 'sqrt_DW01_sub_11', port 'B[6]' is not connected to any nets. (LINT-28)
Warning: In design 'sqrt_DW01_sub_11', port 'B[5]' is not connected to any nets. (LINT-28)
Warning: In design 'sqrt_DW01_sub_11', port 'B[1]' is not connected to any nets. (LINT-28)
Warning: In design 'sqrt_DW01_sub_11', port 'B[0]' is not connected to any nets. (LINT-28)
Warning: In design 'sqrt_DW01_sub_11', port 'CI' is not connected to any nets. (LINT-28)
Warning: In design 'sqrt_DW01_sub_11', port 'CO' is not connected to any nets. (LINT-28)
Warning: In design 'sqrt_DW01_sub_12', port 'B[29]' is not connected to any nets. (LINT-28)
Warning: In design 'sqrt_DW01_sub_12', port 'B[28]' is not connected to any nets. (LINT-28)
Warning: In design 'sqrt_DW01_sub_12', port 'B[27]' is not connected to any nets. (LINT-28)
Warning: In design 'sqrt_DW01_sub_12', port 'B[26]' is not connected to any nets. (LINT-28)
Warning: In design 'sqrt_DW01_sub_12', port 'B[25]' is not connected to any nets. (LINT-28)
Warning: In design 'sqrt_DW01_sub_12', port 'B[24]' is not connected to any nets. (LINT-28)
Warning: In design 'sqrt_DW01_sub_12', port 'B[23]' is not connected to any nets. (LINT-28)
Warning: In design 'sqrt_DW01_sub_12', port 'B[22]' is not connected to any nets. (LINT-28)
Warning: In design 'sqrt_DW01_sub_12', port 'B[21]' is not connected to any nets. (LINT-28)
Warning: In design 'sqrt_DW01_sub_12', port 'B[20]' is not connected to any nets. (LINT-28)
Warning: In design 'sqrt_DW01_sub_12', port 'B[19]' is not connected to any nets. (LINT-28)
Warning: In design 'sqrt_DW01_sub_12', port 'B[18]' is not connected to any nets. (LINT-28)
Warning: In design 'sqrt_DW01_sub_12', port 'B[17]' is not connected to any nets. (LINT-28)
Warning: In design 'sqrt_DW01_sub_12', port 'B[16]' is not connected to any nets. (LINT-28)
Warning: In design 'sqrt_DW01_sub_12', port 'B[15]' is not connected to any nets. (LINT-28)
Warning: In design 'sqrt_DW01_sub_12', port 'B[14]' is not connected to any nets. (LINT-28)
Warning: In design 'sqrt_DW01_sub_12', port 'B[13]' is not connected to any nets. (LINT-28)
Warning: In design 'sqrt_DW01_sub_12', port 'B[12]' is not connected to any nets. (LINT-28)
Warning: In design 'sqrt_DW01_sub_12', port 'B[11]' is not connected to any nets. (LINT-28)
Warning: In design 'sqrt_DW01_sub_12', port 'B[10]' is not connected to any nets. (LINT-28)
Warning: In design 'sqrt_DW01_sub_12', port 'B[9]' is not connected to any nets. (LINT-28)
Warning: In design 'sqrt_DW01_sub_12', port 'B[8]' is not connected to any nets. (LINT-28)
Warning: In design 'sqrt_DW01_sub_12', port 'B[7]' is not connected to any nets. (LINT-28)
Warning: In design 'sqrt_DW01_sub_12', port 'B[6]' is not connected to any nets. (LINT-28)
Warning: In design 'sqrt_DW01_sub_12', port 'B[5]' is not connected to any nets. (LINT-28)
Warning: In design 'sqrt_DW01_sub_12', port 'B[4]' is not connected to any nets. (LINT-28)
Warning: In design 'sqrt_DW01_sub_12', port 'B[1]' is not connected to any nets. (LINT-28)
Warning: In design 'sqrt_DW01_sub_12', port 'B[0]' is not connected to any nets. (LINT-28)
Warning: In design 'sqrt_DW01_sub_12', port 'CI' is not connected to any nets. (LINT-28)
Warning: In design 'sqrt_DW01_sub_12', port 'CO' is not connected to any nets. (LINT-28)
Warning: In design 'sqrt_DW01_sub_13', port 'B[29]' is not connected to any nets. (LINT-28)
Warning: In design 'sqrt_DW01_sub_13', port 'B[28]' is not connected to any nets. (LINT-28)
Warning: In design 'sqrt_DW01_sub_13', port 'B[27]' is not connected to any nets. (LINT-28)
Warning: In design 'sqrt_DW01_sub_13', port 'B[26]' is not connected to any nets. (LINT-28)
Warning: In design 'sqrt_DW01_sub_13', port 'B[25]' is not connected to any nets. (LINT-28)
Warning: In design 'sqrt_DW01_sub_13', port 'B[24]' is not connected to any nets. (LINT-28)
Warning: In design 'sqrt_DW01_sub_13', port 'B[23]' is not connected to any nets. (LINT-28)
Warning: In design 'sqrt_DW01_sub_13', port 'B[22]' is not connected to any nets. (LINT-28)
Warning: In design 'sqrt_DW01_sub_13', port 'B[21]' is not connected to any nets. (LINT-28)
Warning: In design 'sqrt_DW01_sub_13', port 'B[20]' is not connected to any nets. (LINT-28)
Warning: In design 'sqrt_DW01_sub_13', port 'B[19]' is not connected to any nets. (LINT-28)
Warning: In design 'sqrt_DW01_sub_13', port 'B[18]' is not connected to any nets. (LINT-28)
Warning: In design 'sqrt_DW01_sub_13', port 'B[17]' is not connected to any nets. (LINT-28)
Warning: In design 'sqrt_DW01_sub_13', port 'B[16]' is not connected to any nets. (LINT-28)
Warning: In design 'sqrt_DW01_sub_13', port 'B[15]' is not connected to any nets. (LINT-28)
Warning: In design 'sqrt_DW01_sub_13', port 'B[14]' is not connected to any nets. (LINT-28)
Warning: In design 'sqrt_DW01_sub_13', port 'B[13]' is not connected to any nets. (LINT-28)
Warning: In design 'sqrt_DW01_sub_13', port 'B[12]' is not connected to any nets. (LINT-28)
Warning: In design 'sqrt_DW01_sub_13', port 'B[11]' is not connected to any nets. (LINT-28)
Warning: In design 'sqrt_DW01_sub_13', port 'B[10]' is not connected to any nets. (LINT-28)
Warning: In design 'sqrt_DW01_sub_13', port 'B[9]' is not connected to any nets. (LINT-28)
Warning: In design 'sqrt_DW01_sub_13', port 'B[8]' is not connected to any nets. (LINT-28)
Warning: In design 'sqrt_DW01_sub_13', port 'B[7]' is not connected to any nets. (LINT-28)
Warning: In design 'sqrt_DW01_sub_13', port 'B[6]' is not connected to any nets. (LINT-28)
Warning: In design 'sqrt_DW01_sub_13', port 'B[5]' is not connected to any nets. (LINT-28)
Warning: In design 'sqrt_DW01_sub_13', port 'B[4]' is not connected to any nets. (LINT-28)
Warning: In design 'sqrt_DW01_sub_13', port 'B[3]' is not connected to any nets. (LINT-28)
Warning: In design 'sqrt_DW01_sub_13', port 'B[1]' is not connected to any nets. (LINT-28)
Warning: In design 'sqrt_DW01_sub_13', port 'B[0]' is not connected to any nets. (LINT-28)
Warning: In design 'sqrt_DW01_sub_13', port 'CI' is not connected to any nets. (LINT-28)
Warning: In design 'sqrt_DW01_sub_13', port 'CO' is not connected to any nets. (LINT-28)
Warning: In design 'sqrt', a pin on submodule 'sub_63_G15' is connected to logic 1 or logic 0. (LINT-32)
   Pin 'B[29]' is connected to logic 0. 
Warning: In design 'sqrt', a pin on submodule 'sub_63_G15' is connected to logic 1 or logic 0. (LINT-32)
   Pin 'B[28]' is connected to logic 0. 
Warning: In design 'sqrt', a pin on submodule 'sub_63_G15' is connected to logic 1 or logic 0. (LINT-32)
   Pin 'B[27]' is connected to logic 0. 
Warning: In design 'sqrt', a pin on submodule 'sub_63_G15' is connected to logic 1 or logic 0. (LINT-32)
   Pin 'B[26]' is connected to logic 0. 
Warning: In design 'sqrt', a pin on submodule 'sub_63_G15' is connected to logic 1 or logic 0. (LINT-32)
   Pin 'B[25]' is connected to logic 0. 
Warning: In design 'sqrt', a pin on submodule 'sub_63_G15' is connected to logic 1 or logic 0. (LINT-32)
   Pin 'B[24]' is connected to logic 0. 
Warning: In design 'sqrt', a pin on submodule 'sub_63_G15' is connected to logic 1 or logic 0. (LINT-32)
   Pin 'B[23]' is connected to logic 0. 
Warning: In design 'sqrt', a pin on submodule 'sub_63_G15' is connected to logic 1 or logic 0. (LINT-32)
   Pin 'B[22]' is connected to logic 0. 
Warning: In design 'sqrt', a pin on submodule 'sub_63_G15' is connected to logic 1 or logic 0. (LINT-32)
   Pin 'B[21]' is connected to logic 0. 
Warning: In design 'sqrt', a pin on submodule 'sub_63_G15' is connected to logic 1 or logic 0. (LINT-32)
   Pin 'B[20]' is connected to logic 0. 
Warning: In design 'sqrt', a pin on submodule 'sub_63_G15' is connected to logic 1 or logic 0. (LINT-32)
   Pin 'B[19]' is connected to logic 0. 
Warning: In design 'sqrt', a pin on submodule 'sub_63_G15' is connected to logic 1 or logic 0. (LINT-32)
   Pin 'B[18]' is connected to logic 0. 
Warning: In design 'sqrt', a pin on submodule 'sub_63_G15' is connected to logic 1 or logic 0. (LINT-32)
   Pin 'B[17]' is connected to logic 0. 
Warning: In design 'sqrt', a pin on submodule 'sub_63_G15' is connected to logic 1 or logic 0. (LINT-32)
   Pin 'B[16]' is connected to logic 0. 
Warning: In design 'sqrt', a pin on submodule 'sub_63_G15' is connected to logic 1 or logic 0. (LINT-32)
   Pin 'B[1]' is connected to logic 0. 
Warning: In design 'sqrt', a pin on submodule 'sub_63_G15' is connected to logic 1 or logic 0. (LINT-32)
   Pin 'B[0]' is connected to logic 1. 
Warning: In design 'sqrt', a pin on submodule 'sub_63_G15' is connected to logic 1 or logic 0. (LINT-32)
   Pin 'CI' is connected to logic 0. 
Warning: In design 'sqrt', a pin on submodule 'sub_63_G14' is connected to logic 1 or logic 0. (LINT-32)
   Pin 'B[29]' is connected to logic 0. 
Warning: In design 'sqrt', a pin on submodule 'sub_63_G14' is connected to logic 1 or logic 0. (LINT-32)
   Pin 'B[28]' is connected to logic 0. 
Warning: In design 'sqrt', a pin on submodule 'sub_63_G14' is connected to logic 1 or logic 0. (LINT-32)
   Pin 'B[27]' is connected to logic 0. 
Warning: In design 'sqrt', a pin on submodule 'sub_63_G14' is connected to logic 1 or logic 0. (LINT-32)
   Pin 'B[26]' is connected to logic 0. 
Warning: In design 'sqrt', a pin on submodule 'sub_63_G14' is connected to logic 1 or logic 0. (LINT-32)
   Pin 'B[25]' is connected to logic 0. 
Warning: In design 'sqrt', a pin on submodule 'sub_63_G14' is connected to logic 1 or logic 0. (LINT-32)
   Pin 'B[24]' is connected to logic 0. 
Warning: In design 'sqrt', a pin on submodule 'sub_63_G14' is connected to logic 1 or logic 0. (LINT-32)
   Pin 'B[23]' is connected to logic 0. 
Warning: In design 'sqrt', a pin on submodule 'sub_63_G14' is connected to logic 1 or logic 0. (LINT-32)
   Pin 'B[22]' is connected to logic 0. 
Warning: In design 'sqrt', a pin on submodule 'sub_63_G14' is connected to logic 1 or logic 0. (LINT-32)
   Pin 'B[21]' is connected to logic 0. 
Warning: In design 'sqrt', a pin on submodule 'sub_63_G14' is connected to logic 1 or logic 0. (LINT-32)
   Pin 'B[20]' is connected to logic 0. 
Warning: In design 'sqrt', a pin on submodule 'sub_63_G14' is connected to logic 1 or logic 0. (LINT-32)
   Pin 'B[19]' is connected to logic 0. 
Warning: In design 'sqrt', a pin on submodule 'sub_63_G14' is connected to logic 1 or logic 0. (LINT-32)
   Pin 'B[18]' is connected to logic 0. 
Warning: In design 'sqrt', a pin on submodule 'sub_63_G14' is connected to logic 1 or logic 0. (LINT-32)
   Pin 'B[17]' is connected to logic 0. 
Warning: In design 'sqrt', a pin on submodule 'sub_63_G14' is connected to logic 1 or logic 0. (LINT-32)
   Pin 'B[16]' is connected to logic 0. 
Warning: In design 'sqrt', a pin on submodule 'sub_63_G14' is connected to logic 1 or logic 0. (LINT-32)
   Pin 'B[15]' is connected to logic 0. 
Warning: In design 'sqrt', a pin on submodule 'sub_63_G14' is connected to logic 1 or logic 0. (LINT-32)
   Pin 'B[1]' is connected to logic 0. 
Warning: In design 'sqrt', a pin on submodule 'sub_63_G14' is connected to logic 1 or logic 0. (LINT-32)
   Pin 'B[0]' is connected to logic 1. 
Warning: In design 'sqrt', a pin on submodule 'sub_63_G14' is connected to logic 1 or logic 0. (LINT-32)
   Pin 'CI' is connected to logic 0. 
Warning: In design 'sqrt', a pin on submodule 'sub_63_G13' is connected to logic 1 or logic 0. (LINT-32)
   Pin 'B[29]' is connected to logic 0. 
Warning: In design 'sqrt', a pin on submodule 'sub_63_G13' is connected to logic 1 or logic 0. (LINT-32)
   Pin 'B[28]' is connected to logic 0. 
Warning: In design 'sqrt', a pin on submodule 'sub_63_G13' is connected to logic 1 or logic 0. (LINT-32)
   Pin 'B[27]' is connected to logic 0. 
Warning: In design 'sqrt', a pin on submodule 'sub_63_G13' is connected to logic 1 or logic 0. (LINT-32)
   Pin 'B[26]' is connected to logic 0. 
Warning: In design 'sqrt', a pin on submodule 'sub_63_G13' is connected to logic 1 or logic 0. (LINT-32)
   Pin 'B[25]' is connected to logic 0. 
Warning: In design 'sqrt', a pin on submodule 'sub_63_G13' is connected to logic 1 or logic 0. (LINT-32)
   Pin 'B[24]' is connected to logic 0. 
Warning: In design 'sqrt', a pin on submodule 'sub_63_G13' is connected to logic 1 or logic 0. (LINT-32)
   Pin 'B[23]' is connected to logic 0. 
Warning: In design 'sqrt', a pin on submodule 'sub_63_G13' is connected to logic 1 or logic 0. (LINT-32)
   Pin 'B[22]' is connected to logic 0. 
Warning: In design 'sqrt', a pin on submodule 'sub_63_G13' is connected to logic 1 or logic 0. (LINT-32)
   Pin 'B[21]' is connected to logic 0. 
Warning: In design 'sqrt', a pin on submodule 'sub_63_G13' is connected to logic 1 or logic 0. (LINT-32)
   Pin 'B[20]' is connected to logic 0. 
Warning: In design 'sqrt', a pin on submodule 'sub_63_G13' is connected to logic 1 or logic 0. (LINT-32)
   Pin 'B[19]' is connected to logic 0. 
Warning: In design 'sqrt', a pin on submodule 'sub_63_G13' is connected to logic 1 or logic 0. (LINT-32)
   Pin 'B[18]' is connected to logic 0. 
Warning: In design 'sqrt', a pin on submodule 'sub_63_G13' is connected to logic 1 or logic 0. (LINT-32)
   Pin 'B[17]' is connected to logic 0. 
Warning: In design 'sqrt', a pin on submodule 'sub_63_G13' is connected to logic 1 or logic 0. (LINT-32)
   Pin 'B[16]' is connected to logic 0. 
Warning: In design 'sqrt', a pin on submodule 'sub_63_G13' is connected to logic 1 or logic 0. (LINT-32)
   Pin 'B[15]' is connected to logic 0. 
Warning: In design 'sqrt', a pin on submodule 'sub_63_G13' is connected to logic 1 or logic 0. (LINT-32)
   Pin 'B[14]' is connected to logic 0. 
Warning: In design 'sqrt', a pin on submodule 'sub_63_G13' is connected to logic 1 or logic 0. (LINT-32)
   Pin 'B[1]' is connected to logic 0. 
Warning: In design 'sqrt', a pin on submodule 'sub_63_G13' is connected to logic 1 or logic 0. (LINT-32)
   Pin 'B[0]' is connected to logic 1. 
Warning: In design 'sqrt', a pin on submodule 'sub_63_G13' is connected to logic 1 or logic 0. (LINT-32)
   Pin 'CI' is connected to logic 0. 
Warning: In design 'sqrt', a pin on submodule 'sub_63_G12' is connected to logic 1 or logic 0. (LINT-32)
   Pin 'B[29]' is connected to logic 0. 
Warning: In design 'sqrt', a pin on submodule 'sub_63_G12' is connected to logic 1 or logic 0. (LINT-32)
   Pin 'B[28]' is connected to logic 0. 
Warning: In design 'sqrt', a pin on submodule 'sub_63_G12' is connected to logic 1 or logic 0. (LINT-32)
   Pin 'B[27]' is connected to logic 0. 
Warning: In design 'sqrt', a pin on submodule 'sub_63_G12' is connected to logic 1 or logic 0. (LINT-32)
   Pin 'B[26]' is connected to logic 0. 
Warning: In design 'sqrt', a pin on submodule 'sub_63_G12' is connected to logic 1 or logic 0. (LINT-32)
   Pin 'B[25]' is connected to logic 0. 
Warning: In design 'sqrt', a pin on submodule 'sub_63_G12' is connected to logic 1 or logic 0. (LINT-32)
   Pin 'B[24]' is connected to logic 0. 
Warning: In design 'sqrt', a pin on submodule 'sub_63_G12' is connected to logic 1 or logic 0. (LINT-32)
   Pin 'B[23]' is connected to logic 0. 
Warning: In design 'sqrt', a pin on submodule 'sub_63_G12' is connected to logic 1 or logic 0. (LINT-32)
   Pin 'B[22]' is connected to logic 0. 
Warning: In design 'sqrt', a pin on submodule 'sub_63_G12' is connected to logic 1 or logic 0. (LINT-32)
   Pin 'B[21]' is connected to logic 0. 
Warning: In design 'sqrt', a pin on submodule 'sub_63_G12' is connected to logic 1 or logic 0. (LINT-32)
   Pin 'B[20]' is connected to logic 0. 
Warning: In design 'sqrt', a pin on submodule 'sub_63_G12' is connected to logic 1 or logic 0. (LINT-32)
   Pin 'B[19]' is connected to logic 0. 
Warning: In design 'sqrt', a pin on submodule 'sub_63_G12' is connected to logic 1 or logic 0. (LINT-32)
   Pin 'B[18]' is connected to logic 0. 
Warning: In design 'sqrt', a pin on submodule 'sub_63_G12' is connected to logic 1 or logic 0. (LINT-32)
   Pin 'B[17]' is connected to logic 0. 
Warning: In design 'sqrt', a pin on submodule 'sub_63_G12' is connected to logic 1 or logic 0. (LINT-32)
   Pin 'B[16]' is connected to logic 0. 
Warning: In design 'sqrt', a pin on submodule 'sub_63_G12' is connected to logic 1 or logic 0. (LINT-32)
   Pin 'B[15]' is connected to logic 0. 
Warning: In design 'sqrt', a pin on submodule 'sub_63_G12' is connected to logic 1 or logic 0. (LINT-32)
   Pin 'B[14]' is connected to logic 0. 
Warning: In design 'sqrt', a pin on submodule 'sub_63_G12' is connected to logic 1 or logic 0. (LINT-32)
   Pin 'B[13]' is connected to logic 0. 
Warning: In design 'sqrt', a pin on submodule 'sub_63_G12' is connected to logic 1 or logic 0. (LINT-32)
   Pin 'B[1]' is connected to logic 0. 
Warning: In design 'sqrt', a pin on submodule 'sub_63_G12' is connected to logic 1 or logic 0. (LINT-32)
   Pin 'B[0]' is connected to logic 1. 
Warning: In design 'sqrt', a pin on submodule 'sub_63_G12' is connected to logic 1 or logic 0. (LINT-32)
   Pin 'CI' is connected to logic 0. 
Warning: In design 'sqrt', a pin on submodule 'sub_63_G11' is connected to logic 1 or logic 0. (LINT-32)
   Pin 'B[29]' is connected to logic 0. 
Warning: In design 'sqrt', a pin on submodule 'sub_63_G11' is connected to logic 1 or logic 0. (LINT-32)
   Pin 'B[28]' is connected to logic 0. 
Warning: In design 'sqrt', a pin on submodule 'sub_63_G11' is connected to logic 1 or logic 0. (LINT-32)
   Pin 'B[27]' is connected to logic 0. 
Warning: In design 'sqrt', a pin on submodule 'sub_63_G11' is connected to logic 1 or logic 0. (LINT-32)
   Pin 'B[26]' is connected to logic 0. 
Warning: In design 'sqrt', a pin on submodule 'sub_63_G11' is connected to logic 1 or logic 0. (LINT-32)
   Pin 'B[25]' is connected to logic 0. 
Warning: In design 'sqrt', a pin on submodule 'sub_63_G11' is connected to logic 1 or logic 0. (LINT-32)
   Pin 'B[24]' is connected to logic 0. 
Warning: In design 'sqrt', a pin on submodule 'sub_63_G11' is connected to logic 1 or logic 0. (LINT-32)
   Pin 'B[23]' is connected to logic 0. 
Warning: In design 'sqrt', a pin on submodule 'sub_63_G11' is connected to logic 1 or logic 0. (LINT-32)
   Pin 'B[22]' is connected to logic 0. 
Warning: In design 'sqrt', a pin on submodule 'sub_63_G11' is connected to logic 1 or logic 0. (LINT-32)
   Pin 'B[21]' is connected to logic 0. 
Warning: In design 'sqrt', a pin on submodule 'sub_63_G11' is connected to logic 1 or logic 0. (LINT-32)
   Pin 'B[20]' is connected to logic 0. 
Warning: In design 'sqrt', a pin on submodule 'sub_63_G11' is connected to logic 1 or logic 0. (LINT-32)
   Pin 'B[19]' is connected to logic 0. 
Warning: In design 'sqrt', a pin on submodule 'sub_63_G11' is connected to logic 1 or logic 0. (LINT-32)
   Pin 'B[18]' is connected to logic 0. 
Warning: In design 'sqrt', a pin on submodule 'sub_63_G11' is connected to logic 1 or logic 0. (LINT-32)
   Pin 'B[17]' is connected to logic 0. 
Warning: In design 'sqrt', a pin on submodule 'sub_63_G11' is connected to logic 1 or logic 0. (LINT-32)
   Pin 'B[16]' is connected to logic 0. 
Warning: In design 'sqrt', a pin on submodule 'sub_63_G11' is connected to logic 1 or logic 0. (LINT-32)
   Pin 'B[15]' is connected to logic 0. 
Warning: In design 'sqrt', a pin on submodule 'sub_63_G11' is connected to logic 1 or logic 0. (LINT-32)
   Pin 'B[14]' is connected to logic 0. 
Warning: In design 'sqrt', a pin on submodule 'sub_63_G11' is connected to logic 1 or logic 0. (LINT-32)
   Pin 'B[13]' is connected to logic 0. 
Warning: In design 'sqrt', a pin on submodule 'sub_63_G11' is connected to logic 1 or logic 0. (LINT-32)
   Pin 'B[12]' is connected to logic 0. 
Warning: In design 'sqrt', a pin on submodule 'sub_63_G11' is connected to logic 1 or logic 0. (LINT-32)
   Pin 'B[1]' is connected to logic 0. 
Warning: In design 'sqrt', a pin on submodule 'sub_63_G11' is connected to logic 1 or logic 0. (LINT-32)
   Pin 'B[0]' is connected to logic 1. 
Warning: In design 'sqrt', a pin on submodule 'sub_63_G11' is connected to logic 1 or logic 0. (LINT-32)
   Pin 'CI' is connected to logic 0. 
Warning: In design 'sqrt', a pin on submodule 'sub_63_G10' is connected to logic 1 or logic 0. (LINT-32)
   Pin 'B[29]' is connected to logic 0. 
Warning: In design 'sqrt', a pin on submodule 'sub_63_G10' is connected to logic 1 or logic 0. (LINT-32)
   Pin 'B[28]' is connected to logic 0. 
Warning: In design 'sqrt', a pin on submodule 'sub_63_G10' is connected to logic 1 or logic 0. (LINT-32)
   Pin 'B[27]' is connected to logic 0. 
Warning: In design 'sqrt', a pin on submodule 'sub_63_G10' is connected to logic 1 or logic 0. (LINT-32)
   Pin 'B[26]' is connected to logic 0. 
Warning: In design 'sqrt', a pin on submodule 'sub_63_G10' is connected to logic 1 or logic 0. (LINT-32)
   Pin 'B[25]' is connected to logic 0. 
Warning: In design 'sqrt', a pin on submodule 'sub_63_G10' is connected to logic 1 or logic 0. (LINT-32)
   Pin 'B[24]' is connected to logic 0. 
Warning: In design 'sqrt', a pin on submodule 'sub_63_G10' is connected to logic 1 or logic 0. (LINT-32)
   Pin 'B[23]' is connected to logic 0. 
Warning: In design 'sqrt', a pin on submodule 'sub_63_G10' is connected to logic 1 or logic 0. (LINT-32)
   Pin 'B[22]' is connected to logic 0. 
Warning: In design 'sqrt', a pin on submodule 'sub_63_G10' is connected to logic 1 or logic 0. (LINT-32)
   Pin 'B[21]' is connected to logic 0. 
Warning: In design 'sqrt', a pin on submodule 'sub_63_G10' is connected to logic 1 or logic 0. (LINT-32)
   Pin 'B[20]' is connected to logic 0. 
Warning: In design 'sqrt', a pin on submodule 'sub_63_G10' is connected to logic 1 or logic 0. (LINT-32)
   Pin 'B[19]' is connected to logic 0. 
Warning: In design 'sqrt', a pin on submodule 'sub_63_G10' is connected to logic 1 or logic 0. (LINT-32)
   Pin 'B[18]' is connected to logic 0. 
Warning: In design 'sqrt', a pin on submodule 'sub_63_G10' is connected to logic 1 or logic 0. (LINT-32)
   Pin 'B[17]' is connected to logic 0. 
Warning: In design 'sqrt', a pin on submodule 'sub_63_G10' is connected to logic 1 or logic 0. (LINT-32)
   Pin 'B[16]' is connected to logic 0. 
Warning: In design 'sqrt', a pin on submodule 'sub_63_G10' is connected to logic 1 or logic 0. (LINT-32)
   Pin 'B[15]' is connected to logic 0. 
Warning: In design 'sqrt', a pin on submodule 'sub_63_G10' is connected to logic 1 or logic 0. (LINT-32)
   Pin 'B[14]' is connected to logic 0. 
Warning: In design 'sqrt', a pin on submodule 'sub_63_G10' is connected to logic 1 or logic 0. (LINT-32)
   Pin 'B[13]' is connected to logic 0. 
Warning: In design 'sqrt', a pin on submodule 'sub_63_G10' is connected to logic 1 or logic 0. (LINT-32)
   Pin 'B[12]' is connected to logic 0. 
Warning: In design 'sqrt', a pin on submodule 'sub_63_G10' is connected to logic 1 or logic 0. (LINT-32)
   Pin 'B[11]' is connected to logic 0. 
Warning: In design 'sqrt', a pin on submodule 'sub_63_G10' is connected to logic 1 or logic 0. (LINT-32)
   Pin 'B[1]' is connected to logic 0. 
Warning: In design 'sqrt', a pin on submodule 'sub_63_G10' is connected to logic 1 or logic 0. (LINT-32)
   Pin 'B[0]' is connected to logic 1. 
Warning: In design 'sqrt', a pin on submodule 'sub_63_G10' is connected to logic 1 or logic 0. (LINT-32)
   Pin 'CI' is connected to logic 0. 
Warning: In design 'sqrt', a pin on submodule 'sub_63_G9' is connected to logic 1 or logic 0. (LINT-32)
   Pin 'B[29]' is connected to logic 0. 
Warning: In design 'sqrt', a pin on submodule 'sub_63_G9' is connected to logic 1 or logic 0. (LINT-32)
   Pin 'B[28]' is connected to logic 0. 
Warning: In design 'sqrt', a pin on submodule 'sub_63_G9' is connected to logic 1 or logic 0. (LINT-32)
   Pin 'B[27]' is connected to logic 0. 
Warning: In design 'sqrt', a pin on submodule 'sub_63_G9' is connected to logic 1 or logic 0. (LINT-32)
   Pin 'B[26]' is connected to logic 0. 
Warning: In design 'sqrt', a pin on submodule 'sub_63_G9' is connected to logic 1 or logic 0. (LINT-32)
   Pin 'B[25]' is connected to logic 0. 
Warning: In design 'sqrt', a pin on submodule 'sub_63_G9' is connected to logic 1 or logic 0. (LINT-32)
   Pin 'B[24]' is connected to logic 0. 
Warning: In design 'sqrt', a pin on submodule 'sub_63_G9' is connected to logic 1 or logic 0. (LINT-32)
   Pin 'B[23]' is connected to logic 0. 
Warning: In design 'sqrt', a pin on submodule 'sub_63_G9' is connected to logic 1 or logic 0. (LINT-32)
   Pin 'B[22]' is connected to logic 0. 
Warning: In design 'sqrt', a pin on submodule 'sub_63_G9' is connected to logic 1 or logic 0. (LINT-32)
   Pin 'B[21]' is connected to logic 0. 
Warning: In design 'sqrt', a pin on submodule 'sub_63_G9' is connected to logic 1 or logic 0. (LINT-32)
   Pin 'B[20]' is connected to logic 0. 
Warning: In design 'sqrt', a pin on submodule 'sub_63_G9' is connected to logic 1 or logic 0. (LINT-32)
   Pin 'B[19]' is connected to logic 0. 
Warning: In design 'sqrt', a pin on submodule 'sub_63_G9' is connected to logic 1 or logic 0. (LINT-32)
   Pin 'B[18]' is connected to logic 0. 
Warning: In design 'sqrt', a pin on submodule 'sub_63_G9' is connected to logic 1 or logic 0. (LINT-32)
   Pin 'B[17]' is connected to logic 0. 
Warning: In design 'sqrt', a pin on submodule 'sub_63_G9' is connected to logic 1 or logic 0. (LINT-32)
   Pin 'B[16]' is connected to logic 0. 
Warning: In design 'sqrt', a pin on submodule 'sub_63_G9' is connected to logic 1 or logic 0. (LINT-32)
   Pin 'B[15]' is connected to logic 0. 
Warning: In design 'sqrt', a pin on submodule 'sub_63_G9' is connected to logic 1 or logic 0. (LINT-32)
   Pin 'B[14]' is connected to logic 0. 
Warning: In design 'sqrt', a pin on submodule 'sub_63_G9' is connected to logic 1 or logic 0. (LINT-32)
   Pin 'B[13]' is connected to logic 0. 
Warning: In design 'sqrt', a pin on submodule 'sub_63_G9' is connected to logic 1 or logic 0. (LINT-32)
   Pin 'B[12]' is connected to logic 0. 
Warning: In design 'sqrt', a pin on submodule 'sub_63_G9' is connected to logic 1 or logic 0. (LINT-32)
   Pin 'B[11]' is connected to logic 0. 
Warning: In design 'sqrt', a pin on submodule 'sub_63_G9' is connected to logic 1 or logic 0. (LINT-32)
   Pin 'B[10]' is connected to logic 0. 
Warning: In design 'sqrt', a pin on submodule 'sub_63_G9' is connected to logic 1 or logic 0. (LINT-32)
   Pin 'B[1]' is connected to logic 0. 
Warning: In design 'sqrt', a pin on submodule 'sub_63_G9' is connected to logic 1 or logic 0. (LINT-32)
   Pin 'B[0]' is connected to logic 1. 
Warning: In design 'sqrt', a pin on submodule 'sub_63_G9' is connected to logic 1 or logic 0. (LINT-32)
   Pin 'CI' is connected to logic 0. 
Warning: In design 'sqrt', a pin on submodule 'sub_63_G8' is connected to logic 1 or logic 0. (LINT-32)
   Pin 'B[29]' is connected to logic 0. 
Warning: In design 'sqrt', a pin on submodule 'sub_63_G8' is connected to logic 1 or logic 0. (LINT-32)
   Pin 'B[28]' is connected to logic 0. 
Warning: In design 'sqrt', a pin on submodule 'sub_63_G8' is connected to logic 1 or logic 0. (LINT-32)
   Pin 'B[27]' is connected to logic 0. 
Warning: In design 'sqrt', a pin on submodule 'sub_63_G8' is connected to logic 1 or logic 0. (LINT-32)
   Pin 'B[26]' is connected to logic 0. 
Warning: In design 'sqrt', a pin on submodule 'sub_63_G8' is connected to logic 1 or logic 0. (LINT-32)
   Pin 'B[25]' is connected to logic 0. 
Warning: In design 'sqrt', a pin on submodule 'sub_63_G8' is connected to logic 1 or logic 0. (LINT-32)
   Pin 'B[24]' is connected to logic 0. 
Warning: In design 'sqrt', a pin on submodule 'sub_63_G8' is connected to logic 1 or logic 0. (LINT-32)
   Pin 'B[23]' is connected to logic 0. 
Warning: In design 'sqrt', a pin on submodule 'sub_63_G8' is connected to logic 1 or logic 0. (LINT-32)
   Pin 'B[22]' is connected to logic 0. 
Warning: In design 'sqrt', a pin on submodule 'sub_63_G8' is connected to logic 1 or logic 0. (LINT-32)
   Pin 'B[21]' is connected to logic 0. 
Warning: In design 'sqrt', a pin on submodule 'sub_63_G8' is connected to logic 1 or logic 0. (LINT-32)
   Pin 'B[20]' is connected to logic 0. 
Warning: In design 'sqrt', a pin on submodule 'sub_63_G8' is connected to logic 1 or logic 0. (LINT-32)
   Pin 'B[19]' is connected to logic 0. 
Warning: In design 'sqrt', a pin on submodule 'sub_63_G8' is connected to logic 1 or logic 0. (LINT-32)
   Pin 'B[18]' is connected to logic 0. 
Warning: In design 'sqrt', a pin on submodule 'sub_63_G8' is connected to logic 1 or logic 0. (LINT-32)
   Pin 'B[17]' is connected to logic 0. 
Warning: In design 'sqrt', a pin on submodule 'sub_63_G8' is connected to logic 1 or logic 0. (LINT-32)
   Pin 'B[16]' is connected to logic 0. 
Warning: In design 'sqrt', a pin on submodule 'sub_63_G8' is connected to logic 1 or logic 0. (LINT-32)
   Pin 'B[15]' is connected to logic 0. 
Warning: In design 'sqrt', a pin on submodule 'sub_63_G8' is connected to logic 1 or logic 0. (LINT-32)
   Pin 'B[14]' is connected to logic 0. 
Warning: In design 'sqrt', a pin on submodule 'sub_63_G8' is connected to logic 1 or logic 0. (LINT-32)
   Pin 'B[13]' is connected to logic 0. 
Warning: In design 'sqrt', a pin on submodule 'sub_63_G8' is connected to logic 1 or logic 0. (LINT-32)
   Pin 'B[12]' is connected to logic 0. 
Warning: In design 'sqrt', a pin on submodule 'sub_63_G8' is connected to logic 1 or logic 0. (LINT-32)
   Pin 'B[11]' is connected to logic 0. 
Warning: In design 'sqrt', a pin on submodule 'sub_63_G8' is connected to logic 1 or logic 0. (LINT-32)
   Pin 'B[10]' is connected to logic 0. 
Warning: In design 'sqrt', a pin on submodule 'sub_63_G8' is connected to logic 1 or logic 0. (LINT-32)
   Pin 'B[9]' is connected to logic 0. 
Warning: In design 'sqrt', a pin on submodule 'sub_63_G8' is connected to logic 1 or logic 0. (LINT-32)
   Pin 'B[1]' is connected to logic 0. 
Warning: In design 'sqrt', a pin on submodule 'sub_63_G8' is connected to logic 1 or logic 0. (LINT-32)
   Pin 'B[0]' is connected to logic 1. 
Warning: In design 'sqrt', a pin on submodule 'sub_63_G8' is connected to logic 1 or logic 0. (LINT-32)
   Pin 'CI' is connected to logic 0. 
Warning: In design 'sqrt', a pin on submodule 'sub_63_G7' is connected to logic 1 or logic 0. (LINT-32)
   Pin 'B[29]' is connected to logic 0. 
Warning: In design 'sqrt', a pin on submodule 'sub_63_G7' is connected to logic 1 or logic 0. (LINT-32)
   Pin 'B[28]' is connected to logic 0. 
Warning: In design 'sqrt', a pin on submodule 'sub_63_G7' is connected to logic 1 or logic 0. (LINT-32)
   Pin 'B[27]' is connected to logic 0. 
Warning: In design 'sqrt', a pin on submodule 'sub_63_G7' is connected to logic 1 or logic 0. (LINT-32)
   Pin 'B[26]' is connected to logic 0. 
Warning: In design 'sqrt', a pin on submodule 'sub_63_G7' is connected to logic 1 or logic 0. (LINT-32)
   Pin 'B[25]' is connected to logic 0. 
Warning: In design 'sqrt', a pin on submodule 'sub_63_G7' is connected to logic 1 or logic 0. (LINT-32)
   Pin 'B[24]' is connected to logic 0. 
Warning: In design 'sqrt', a pin on submodule 'sub_63_G7' is connected to logic 1 or logic 0. (LINT-32)
   Pin 'B[23]' is connected to logic 0. 
Warning: In design 'sqrt', a pin on submodule 'sub_63_G7' is connected to logic 1 or logic 0. (LINT-32)
   Pin 'B[22]' is connected to logic 0. 
Warning: In design 'sqrt', a pin on submodule 'sub_63_G7' is connected to logic 1 or logic 0. (LINT-32)
   Pin 'B[21]' is connected to logic 0. 
Warning: In design 'sqrt', a pin on submodule 'sub_63_G7' is connected to logic 1 or logic 0. (LINT-32)
   Pin 'B[20]' is connected to logic 0. 
Warning: In design 'sqrt', a pin on submodule 'sub_63_G7' is connected to logic 1 or logic 0. (LINT-32)
   Pin 'B[19]' is connected to logic 0. 
Warning: In design 'sqrt', a pin on submodule 'sub_63_G7' is connected to logic 1 or logic 0. (LINT-32)
   Pin 'B[18]' is connected to logic 0. 
Warning: In design 'sqrt', a pin on submodule 'sub_63_G7' is connected to logic 1 or logic 0. (LINT-32)
   Pin 'B[17]' is connected to logic 0. 
Warning: In design 'sqrt', a pin on submodule 'sub_63_G7' is connected to logic 1 or logic 0. (LINT-32)
   Pin 'B[16]' is connected to logic 0. 
Warning: In design 'sqrt', a pin on submodule 'sub_63_G7' is connected to logic 1 or logic 0. (LINT-32)
   Pin 'B[15]' is connected to logic 0. 
Warning: In design 'sqrt', a pin on submodule 'sub_63_G7' is connected to logic 1 or logic 0. (LINT-32)
   Pin 'B[14]' is connected to logic 0. 
Warning: In design 'sqrt', a pin on submodule 'sub_63_G7' is connected to logic 1 or logic 0. (LINT-32)
   Pin 'B[13]' is connected to logic 0. 
Warning: In design 'sqrt', a pin on submodule 'sub_63_G7' is connected to logic 1 or logic 0. (LINT-32)
   Pin 'B[12]' is connected to logic 0. 
Warning: In design 'sqrt', a pin on submodule 'sub_63_G7' is connected to logic 1 or logic 0. (LINT-32)
   Pin 'B[11]' is connected to logic 0. 
Warning: In design 'sqrt', a pin on submodule 'sub_63_G7' is connected to logic 1 or logic 0. (LINT-32)
   Pin 'B[10]' is connected to logic 0. 
Warning: In design 'sqrt', a pin on submodule 'sub_63_G7' is connected to logic 1 or logic 0. (LINT-32)
   Pin 'B[9]' is connected to logic 0. 
Warning: In design 'sqrt', a pin on submodule 'sub_63_G7' is connected to logic 1 or logic 0. (LINT-32)
   Pin 'B[8]' is connected to logic 0. 
Warning: In design 'sqrt', a pin on submodule 'sub_63_G7' is connected to logic 1 or logic 0. (LINT-32)
   Pin 'B[1]' is connected to logic 0. 
Warning: In design 'sqrt', a pin on submodule 'sub_63_G7' is connected to logic 1 or logic 0. (LINT-32)
   Pin 'B[0]' is connected to logic 1. 
Warning: In design 'sqrt', a pin on submodule 'sub_63_G7' is connected to logic 1 or logic 0. (LINT-32)
   Pin 'CI' is connected to logic 0. 
Warning: In design 'sqrt', a pin on submodule 'sub_63_G6' is connected to logic 1 or logic 0. (LINT-32)
   Pin 'B[29]' is connected to logic 0. 
Warning: In design 'sqrt', a pin on submodule 'sub_63_G6' is connected to logic 1 or logic 0. (LINT-32)
   Pin 'B[28]' is connected to logic 0. 
Warning: In design 'sqrt', a pin on submodule 'sub_63_G6' is connected to logic 1 or logic 0. (LINT-32)
   Pin 'B[27]' is connected to logic 0. 
Warning: In design 'sqrt', a pin on submodule 'sub_63_G6' is connected to logic 1 or logic 0. (LINT-32)
   Pin 'B[26]' is connected to logic 0. 
Warning: In design 'sqrt', a pin on submodule 'sub_63_G6' is connected to logic 1 or logic 0. (LINT-32)
   Pin 'B[25]' is connected to logic 0. 
Warning: In design 'sqrt', a pin on submodule 'sub_63_G6' is connected to logic 1 or logic 0. (LINT-32)
   Pin 'B[24]' is connected to logic 0. 
Warning: In design 'sqrt', a pin on submodule 'sub_63_G6' is connected to logic 1 or logic 0. (LINT-32)
   Pin 'B[23]' is connected to logic 0. 
Warning: In design 'sqrt', a pin on submodule 'sub_63_G6' is connected to logic 1 or logic 0. (LINT-32)
   Pin 'B[22]' is connected to logic 0. 
Warning: In design 'sqrt', a pin on submodule 'sub_63_G6' is connected to logic 1 or logic 0. (LINT-32)
   Pin 'B[21]' is connected to logic 0. 
Warning: In design 'sqrt', a pin on submodule 'sub_63_G6' is connected to logic 1 or logic 0. (LINT-32)
   Pin 'B[20]' is connected to logic 0. 
Warning: In design 'sqrt', a pin on submodule 'sub_63_G6' is connected to logic 1 or logic 0. (LINT-32)
   Pin 'B[19]' is connected to logic 0. 
Warning: In design 'sqrt', a pin on submodule 'sub_63_G6' is connected to logic 1 or logic 0. (LINT-32)
   Pin 'B[18]' is connected to logic 0. 
Warning: In design 'sqrt', a pin on submodule 'sub_63_G6' is connected to logic 1 or logic 0. (LINT-32)
   Pin 'B[17]' is connected to logic 0. 
Warning: In design 'sqrt', a pin on submodule 'sub_63_G6' is connected to logic 1 or logic 0. (LINT-32)
   Pin 'B[16]' is connected to logic 0. 
Warning: In design 'sqrt', a pin on submodule 'sub_63_G6' is connected to logic 1 or logic 0. (LINT-32)
   Pin 'B[15]' is connected to logic 0. 
Warning: In design 'sqrt', a pin on submodule 'sub_63_G6' is connected to logic 1 or logic 0. (LINT-32)
   Pin 'B[14]' is connected to logic 0. 
Warning: In design 'sqrt', a pin on submodule 'sub_63_G6' is connected to logic 1 or logic 0. (LINT-32)
   Pin 'B[13]' is connected to logic 0. 
Warning: In design 'sqrt', a pin on submodule 'sub_63_G6' is connected to logic 1 or logic 0. (LINT-32)
   Pin 'B[12]' is connected to logic 0. 
Warning: In design 'sqrt', a pin on submodule 'sub_63_G6' is connected to logic 1 or logic 0. (LINT-32)
   Pin 'B[11]' is connected to logic 0. 
Warning: In design 'sqrt', a pin on submodule 'sub_63_G6' is connected to logic 1 or logic 0. (LINT-32)
   Pin 'B[10]' is connected to logic 0. 
Warning: In design 'sqrt', a pin on submodule 'sub_63_G6' is connected to logic 1 or logic 0. (LINT-32)
   Pin 'B[9]' is connected to logic 0. 
Warning: In design 'sqrt', a pin on submodule 'sub_63_G6' is connected to logic 1 or logic 0. (LINT-32)
   Pin 'B[8]' is connected to logic 0. 
Warning: In design 'sqrt', a pin on submodule 'sub_63_G6' is connected to logic 1 or logic 0. (LINT-32)
   Pin 'B[7]' is connected to logic 0. 
Warning: In design 'sqrt', a pin on submodule 'sub_63_G6' is connected to logic 1 or logic 0. (LINT-32)
   Pin 'B[1]' is connected to logic 0. 
Warning: In design 'sqrt', a pin on submodule 'sub_63_G6' is connected to logic 1 or logic 0. (LINT-32)
   Pin 'B[0]' is connected to logic 1. 
Warning: In design 'sqrt', a pin on submodule 'sub_63_G6' is connected to logic 1 or logic 0. (LINT-32)
   Pin 'CI' is connected to logic 0. 
Warning: In design 'sqrt', a pin on submodule 'sub_63_G5' is connected to logic 1 or logic 0. (LINT-32)
   Pin 'B[29]' is connected to logic 0. 
Warning: In design 'sqrt', a pin on submodule 'sub_63_G5' is connected to logic 1 or logic 0. (LINT-32)
   Pin 'B[28]' is connected to logic 0. 
Warning: In design 'sqrt', a pin on submodule 'sub_63_G5' is connected to logic 1 or logic 0. (LINT-32)
   Pin 'B[27]' is connected to logic 0. 
Warning: In design 'sqrt', a pin on submodule 'sub_63_G5' is connected to logic 1 or logic 0. (LINT-32)
   Pin 'B[26]' is connected to logic 0. 
Warning: In design 'sqrt', a pin on submodule 'sub_63_G5' is connected to logic 1 or logic 0. (LINT-32)
   Pin 'B[25]' is connected to logic 0. 
Warning: In design 'sqrt', a pin on submodule 'sub_63_G5' is connected to logic 1 or logic 0. (LINT-32)
   Pin 'B[24]' is connected to logic 0. 
Warning: In design 'sqrt', a pin on submodule 'sub_63_G5' is connected to logic 1 or logic 0. (LINT-32)
   Pin 'B[23]' is connected to logic 0. 
Warning: In design 'sqrt', a pin on submodule 'sub_63_G5' is connected to logic 1 or logic 0. (LINT-32)
   Pin 'B[22]' is connected to logic 0. 
Warning: In design 'sqrt', a pin on submodule 'sub_63_G5' is connected to logic 1 or logic 0. (LINT-32)
   Pin 'B[21]' is connected to logic 0. 
Warning: In design 'sqrt', a pin on submodule 'sub_63_G5' is connected to logic 1 or logic 0. (LINT-32)
   Pin 'B[20]' is connected to logic 0. 
Warning: In design 'sqrt', a pin on submodule 'sub_63_G5' is connected to logic 1 or logic 0. (LINT-32)
   Pin 'B[19]' is connected to logic 0. 
Warning: In design 'sqrt', a pin on submodule 'sub_63_G5' is connected to logic 1 or logic 0. (LINT-32)
   Pin 'B[18]' is connected to logic 0. 
Warning: In design 'sqrt', a pin on submodule 'sub_63_G5' is connected to logic 1 or logic 0. (LINT-32)
   Pin 'B[17]' is connected to logic 0. 
Warning: In design 'sqrt', a pin on submodule 'sub_63_G5' is connected to logic 1 or logic 0. (LINT-32)
   Pin 'B[16]' is connected to logic 0. 
Warning: In design 'sqrt', a pin on submodule 'sub_63_G5' is connected to logic 1 or logic 0. (LINT-32)
   Pin 'B[15]' is connected to logic 0. 
Warning: In design 'sqrt', a pin on submodule 'sub_63_G5' is connected to logic 1 or logic 0. (LINT-32)
   Pin 'B[14]' is connected to logic 0. 
Warning: In design 'sqrt', a pin on submodule 'sub_63_G5' is connected to logic 1 or logic 0. (LINT-32)
   Pin 'B[13]' is connected to logic 0. 
Warning: In design 'sqrt', a pin on submodule 'sub_63_G5' is connected to logic 1 or logic 0. (LINT-32)
   Pin 'B[12]' is connected to logic 0. 
Warning: In design 'sqrt', a pin on submodule 'sub_63_G5' is connected to logic 1 or logic 0. (LINT-32)
   Pin 'B[11]' is connected to logic 0. 
Warning: In design 'sqrt', a pin on submodule 'sub_63_G5' is connected to logic 1 or logic 0. (LINT-32)
   Pin 'B[10]' is connected to logic 0. 
Warning: In design 'sqrt', a pin on submodule 'sub_63_G5' is connected to logic 1 or logic 0. (LINT-32)
   Pin 'B[9]' is connected to logic 0. 
Warning: In design 'sqrt', a pin on submodule 'sub_63_G5' is connected to logic 1 or logic 0. (LINT-32)
   Pin 'B[8]' is connected to logic 0. 
Warning: In design 'sqrt', a pin on submodule 'sub_63_G5' is connected to logic 1 or logic 0. (LINT-32)
   Pin 'B[7]' is connected to logic 0. 
Warning: In design 'sqrt', a pin on submodule 'sub_63_G5' is connected to logic 1 or logic 0. (LINT-32)
   Pin 'B[6]' is connected to logic 0. 
Warning: In design 'sqrt', a pin on submodule 'sub_63_G5' is connected to logic 1 or logic 0. (LINT-32)
   Pin 'B[1]' is connected to logic 0. 
Warning: In design 'sqrt', a pin on submodule 'sub_63_G5' is connected to logic 1 or logic 0. (LINT-32)
   Pin 'B[0]' is connected to logic 1. 
Warning: In design 'sqrt', a pin on submodule 'sub_63_G5' is connected to logic 1 or logic 0. (LINT-32)
   Pin 'CI' is connected to logic 0. 
Warning: In design 'sqrt', a pin on submodule 'sub_63_G4' is connected to logic 1 or logic 0. (LINT-32)
   Pin 'B[29]' is connected to logic 0. 
Warning: In design 'sqrt', a pin on submodule 'sub_63_G4' is connected to logic 1 or logic 0. (LINT-32)
   Pin 'B[28]' is connected to logic 0. 
Warning: In design 'sqrt', a pin on submodule 'sub_63_G4' is connected to logic 1 or logic 0. (LINT-32)
   Pin 'B[27]' is connected to logic 0. 
Warning: In design 'sqrt', a pin on submodule 'sub_63_G4' is connected to logic 1 or logic 0. (LINT-32)
   Pin 'B[26]' is connected to logic 0. 
Warning: In design 'sqrt', a pin on submodule 'sub_63_G4' is connected to logic 1 or logic 0. (LINT-32)
   Pin 'B[25]' is connected to logic 0. 
Warning: In design 'sqrt', a pin on submodule 'sub_63_G4' is connected to logic 1 or logic 0. (LINT-32)
   Pin 'B[24]' is connected to logic 0. 
Warning: In design 'sqrt', a pin on submodule 'sub_63_G4' is connected to logic 1 or logic 0. (LINT-32)
   Pin 'B[23]' is connected to logic 0. 
Warning: In design 'sqrt', a pin on submodule 'sub_63_G4' is connected to logic 1 or logic 0. (LINT-32)
   Pin 'B[22]' is connected to logic 0. 
Warning: In design 'sqrt', a pin on submodule 'sub_63_G4' is connected to logic 1 or logic 0. (LINT-32)
   Pin 'B[21]' is connected to logic 0. 
Warning: In design 'sqrt', a pin on submodule 'sub_63_G4' is connected to logic 1 or logic 0. (LINT-32)
   Pin 'B[20]' is connected to logic 0. 
Warning: In design 'sqrt', a pin on submodule 'sub_63_G4' is connected to logic 1 or logic 0. (LINT-32)
   Pin 'B[19]' is connected to logic 0. 
Warning: In design 'sqrt', a pin on submodule 'sub_63_G4' is connected to logic 1 or logic 0. (LINT-32)
   Pin 'B[18]' is connected to logic 0. 
Warning: In design 'sqrt', a pin on submodule 'sub_63_G4' is connected to logic 1 or logic 0. (LINT-32)
   Pin 'B[17]' is connected to logic 0. 
Warning: In design 'sqrt', a pin on submodule 'sub_63_G4' is connected to logic 1 or logic 0. (LINT-32)
   Pin 'B[16]' is connected to logic 0. 
Warning: In design 'sqrt', a pin on submodule 'sub_63_G4' is connected to logic 1 or logic 0. (LINT-32)
   Pin 'B[15]' is connected to logic 0. 
Warning: In design 'sqrt', a pin on submodule 'sub_63_G4' is connected to logic 1 or logic 0. (LINT-32)
   Pin 'B[14]' is connected to logic 0. 
Warning: In design 'sqrt', a pin on submodule 'sub_63_G4' is connected to logic 1 or logic 0. (LINT-32)
   Pin 'B[13]' is connected to logic 0. 
Warning: In design 'sqrt', a pin on submodule 'sub_63_G4' is connected to logic 1 or logic 0. (LINT-32)
   Pin 'B[12]' is connected to logic 0. 
Warning: In design 'sqrt', a pin on submodule 'sub_63_G4' is connected to logic 1 or logic 0. (LINT-32)
   Pin 'B[11]' is connected to logic 0. 
Warning: In design 'sqrt', a pin on submodule 'sub_63_G4' is connected to logic 1 or logic 0. (LINT-32)
   Pin 'B[10]' is connected to logic 0. 
Warning: In design 'sqrt', a pin on submodule 'sub_63_G4' is connected to logic 1 or logic 0. (LINT-32)
   Pin 'B[9]' is connected to logic 0. 
Warning: In design 'sqrt', a pin on submodule 'sub_63_G4' is connected to logic 1 or logic 0. (LINT-32)
   Pin 'B[8]' is connected to logic 0. 
Warning: In design 'sqrt', a pin on submodule 'sub_63_G4' is connected to logic 1 or logic 0. (LINT-32)
   Pin 'B[7]' is connected to logic 0. 
Warning: In design 'sqrt', a pin on submodule 'sub_63_G4' is connected to logic 1 or logic 0. (LINT-32)
   Pin 'B[6]' is connected to logic 0. 
Warning: In design 'sqrt', a pin on submodule 'sub_63_G4' is connected to logic 1 or logic 0. (LINT-32)
   Pin 'B[5]' is connected to logic 0. 
Warning: In design 'sqrt', a pin on submodule 'sub_63_G4' is connected to logic 1 or logic 0. (LINT-32)
   Pin 'B[1]' is connected to logic 0. 
Warning: In design 'sqrt', a pin on submodule 'sub_63_G4' is connected to logic 1 or logic 0. (LINT-32)
   Pin 'B[0]' is connected to logic 1. 
Warning: In design 'sqrt', a pin on submodule 'sub_63_G4' is connected to logic 1 or logic 0. (LINT-32)
   Pin 'CI' is connected to logic 0. 
Warning: In design 'sqrt', a pin on submodule 'sub_63_G3' is connected to logic 1 or logic 0. (LINT-32)
   Pin 'B[29]' is connected to logic 0. 
Warning: In design 'sqrt', a pin on submodule 'sub_63_G3' is connected to logic 1 or logic 0. (LINT-32)
   Pin 'B[28]' is connected to logic 0. 
Warning: In design 'sqrt', a pin on submodule 'sub_63_G3' is connected to logic 1 or logic 0. (LINT-32)
   Pin 'B[27]' is connected to logic 0. 
Warning: In design 'sqrt', a pin on submodule 'sub_63_G3' is connected to logic 1 or logic 0. (LINT-32)
   Pin 'B[26]' is connected to logic 0. 
Warning: In design 'sqrt', a pin on submodule 'sub_63_G3' is connected to logic 1 or logic 0. (LINT-32)
   Pin 'B[25]' is connected to logic 0. 
Warning: In design 'sqrt', a pin on submodule 'sub_63_G3' is connected to logic 1 or logic 0. (LINT-32)
   Pin 'B[24]' is connected to logic 0. 
Warning: In design 'sqrt', a pin on submodule 'sub_63_G3' is connected to logic 1 or logic 0. (LINT-32)
   Pin 'B[23]' is connected to logic 0. 
Warning: In design 'sqrt', a pin on submodule 'sub_63_G3' is connected to logic 1 or logic 0. (LINT-32)
   Pin 'B[22]' is connected to logic 0. 
Warning: In design 'sqrt', a pin on submodule 'sub_63_G3' is connected to logic 1 or logic 0. (LINT-32)
   Pin 'B[21]' is connected to logic 0. 
Warning: In design 'sqrt', a pin on submodule 'sub_63_G3' is connected to logic 1 or logic 0. (LINT-32)
   Pin 'B[20]' is connected to logic 0. 
Warning: In design 'sqrt', a pin on submodule 'sub_63_G3' is connected to logic 1 or logic 0. (LINT-32)
   Pin 'B[19]' is connected to logic 0. 
Warning: In design 'sqrt', a pin on submodule 'sub_63_G3' is connected to logic 1 or logic 0. (LINT-32)
   Pin 'B[18]' is connected to logic 0. 
Warning: In design 'sqrt', a pin on submodule 'sub_63_G3' is connected to logic 1 or logic 0. (LINT-32)
   Pin 'B[17]' is connected to logic 0. 
Warning: In design 'sqrt', a pin on submodule 'sub_63_G3' is connected to logic 1 or logic 0. (LINT-32)
   Pin 'B[16]' is connected to logic 0. 
Warning: In design 'sqrt', a pin on submodule 'sub_63_G3' is connected to logic 1 or logic 0. (LINT-32)
   Pin 'B[15]' is connected to logic 0. 
Warning: In design 'sqrt', a pin on submodule 'sub_63_G3' is connected to logic 1 or logic 0. (LINT-32)
   Pin 'B[14]' is connected to logic 0. 
Warning: In design 'sqrt', a pin on submodule 'sub_63_G3' is connected to logic 1 or logic 0. (LINT-32)
   Pin 'B[13]' is connected to logic 0. 
Warning: In design 'sqrt', a pin on submodule 'sub_63_G3' is connected to logic 1 or logic 0. (LINT-32)
   Pin 'B[12]' is connected to logic 0. 
Warning: In design 'sqrt', a pin on submodule 'sub_63_G3' is connected to logic 1 or logic 0. (LINT-32)
   Pin 'B[11]' is connected to logic 0. 
Warning: In design 'sqrt', a pin on submodule 'sub_63_G3' is connected to logic 1 or logic 0. (LINT-32)
   Pin 'B[10]' is connected to logic 0. 
Warning: In design 'sqrt', a pin on submodule 'sub_63_G3' is connected to logic 1 or logic 0. (LINT-32)
   Pin 'B[9]' is connected to logic 0. 
Warning: In design 'sqrt', a pin on submodule 'sub_63_G3' is connected to logic 1 or logic 0. (LINT-32)
   Pin 'B[8]' is connected to logic 0. 
Warning: In design 'sqrt', a pin on submodule 'sub_63_G3' is connected to logic 1 or logic 0. (LINT-32)
   Pin 'B[7]' is connected to logic 0. 
Warning: In design 'sqrt', a pin on submodule 'sub_63_G3' is connected to logic 1 or logic 0. (LINT-32)
   Pin 'B[6]' is connected to logic 0. 
Warning: In design 'sqrt', a pin on submodule 'sub_63_G3' is connected to logic 1 or logic 0. (LINT-32)
   Pin 'B[5]' is connected to logic 0. 
Warning: In design 'sqrt', a pin on submodule 'sub_63_G3' is connected to logic 1 or logic 0. (LINT-32)
   Pin 'B[4]' is connected to logic 0. 
Warning: In design 'sqrt', a pin on submodule 'sub_63_G3' is connected to logic 1 or logic 0. (LINT-32)
   Pin 'B[1]' is connected to logic 0. 
Warning: In design 'sqrt', a pin on submodule 'sub_63_G3' is connected to logic 1 or logic 0. (LINT-32)
   Pin 'B[0]' is connected to logic 1. 
Warning: In design 'sqrt', a pin on submodule 'sub_63_G3' is connected to logic 1 or logic 0. (LINT-32)
   Pin 'CI' is connected to logic 0. 
Warning: In design 'sqrt', a pin on submodule 'sub_63_G2' is connected to logic 1 or logic 0. (LINT-32)
   Pin 'B[29]' is connected to logic 0. 
Warning: In design 'sqrt', a pin on submodule 'sub_63_G2' is connected to logic 1 or logic 0. (LINT-32)
   Pin 'B[28]' is connected to logic 0. 
Warning: In design 'sqrt', a pin on submodule 'sub_63_G2' is connected to logic 1 or logic 0. (LINT-32)
   Pin 'B[27]' is connected to logic 0. 
Warning: In design 'sqrt', a pin on submodule 'sub_63_G2' is connected to logic 1 or logic 0. (LINT-32)
   Pin 'B[26]' is connected to logic 0. 
Warning: In design 'sqrt', a pin on submodule 'sub_63_G2' is connected to logic 1 or logic 0. (LINT-32)
   Pin 'B[25]' is connected to logic 0. 
Warning: In design 'sqrt', a pin on submodule 'sub_63_G2' is connected to logic 1 or logic 0. (LINT-32)
   Pin 'B[24]' is connected to logic 0. 
Warning: In design 'sqrt', a pin on submodule 'sub_63_G2' is connected to logic 1 or logic 0. (LINT-32)
   Pin 'B[23]' is connected to logic 0. 
Warning: In design 'sqrt', a pin on submodule 'sub_63_G2' is connected to logic 1 or logic 0. (LINT-32)
   Pin 'B[22]' is connected to logic 0. 
Warning: In design 'sqrt', a pin on submodule 'sub_63_G2' is connected to logic 1 or logic 0. (LINT-32)
   Pin 'B[21]' is connected to logic 0. 
Warning: In design 'sqrt', a pin on submodule 'sub_63_G2' is connected to logic 1 or logic 0. (LINT-32)
   Pin 'B[20]' is connected to logic 0. 
Warning: In design 'sqrt', a pin on submodule 'sub_63_G2' is connected to logic 1 or logic 0. (LINT-32)
   Pin 'B[19]' is connected to logic 0. 
Warning: In design 'sqrt', a pin on submodule 'sub_63_G2' is connected to logic 1 or logic 0. (LINT-32)
   Pin 'B[18]' is connected to logic 0. 
Warning: In design 'sqrt', a pin on submodule 'sub_63_G2' is connected to logic 1 or logic 0. (LINT-32)
   Pin 'B[17]' is connected to logic 0. 
Warning: In design 'sqrt', a pin on submodule 'sub_63_G2' is connected to logic 1 or logic 0. (LINT-32)
   Pin 'B[16]' is connected to logic 0. 
Warning: In design 'sqrt', a pin on submodule 'sub_63_G2' is connected to logic 1 or logic 0. (LINT-32)
   Pin 'B[15]' is connected to logic 0. 
Warning: In design 'sqrt', a pin on submodule 'sub_63_G2' is connected to logic 1 or logic 0. (LINT-32)
   Pin 'B[14]' is connected to logic 0. 
Warning: In design 'sqrt', a pin on submodule 'sub_63_G2' is connected to logic 1 or logic 0. (LINT-32)
   Pin 'B[13]' is connected to logic 0. 
Warning: In design 'sqrt', a pin on submodule 'sub_63_G2' is connected to logic 1 or logic 0. (LINT-32)
   Pin 'B[12]' is connected to logic 0. 
Warning: In design 'sqrt', a pin on submodule 'sub_63_G2' is connected to logic 1 or logic 0. (LINT-32)
   Pin 'B[11]' is connected to logic 0. 
Warning: In design 'sqrt', a pin on submodule 'sub_63_G2' is connected to logic 1 or logic 0. (LINT-32)
   Pin 'B[10]' is connected to logic 0. 
Warning: In design 'sqrt', a pin on submodule 'sub_63_G2' is connected to logic 1 or logic 0. (LINT-32)
   Pin 'B[9]' is connected to logic 0. 
Warning: In design 'sqrt', a pin on submodule 'sub_63_G2' is connected to logic 1 or logic 0. (LINT-32)
   Pin 'B[8]' is connected to logic 0. 
Warning: In design 'sqrt', a pin on submodule 'sub_63_G2' is connected to logic 1 or logic 0. (LINT-32)
   Pin 'B[7]' is connected to logic 0. 
Warning: In design 'sqrt', a pin on submodule 'sub_63_G2' is connected to logic 1 or logic 0. (LINT-32)
   Pin 'B[6]' is connected to logic 0. 
Warning: In design 'sqrt', a pin on submodule 'sub_63_G2' is connected to logic 1 or logic 0. (LINT-32)
   Pin 'B[5]' is connected to logic 0. 
Warning: In design 'sqrt', a pin on submodule 'sub_63_G2' is connected to logic 1 or logic 0. (LINT-32)
   Pin 'B[4]' is connected to logic 0. 
Warning: In design 'sqrt', a pin on submodule 'sub_63_G2' is connected to logic 1 or logic 0. (LINT-32)
   Pin 'B[3]' is connected to logic 0. 
Warning: In design 'sqrt', a pin on submodule 'sub_63_G2' is connected to logic 1 or logic 0. (LINT-32)
   Pin 'B[1]' is connected to logic 0. 
Warning: In design 'sqrt', a pin on submodule 'sub_63_G2' is connected to logic 1 or logic 0. (LINT-32)
   Pin 'B[0]' is connected to logic 1. 
Warning: In design 'sqrt', a pin on submodule 'sub_63_G2' is connected to logic 1 or logic 0. (LINT-32)
   Pin 'CI' is connected to logic 0. 
Warning: In design 'sqrt', the same net is connected to more than one pin on submodule 'sub_63_G15'. (LINT-33)
   Net 'n3' is connected to pins 'B[29]', 'B[28]'', 'B[27]', 'B[26]', 'B[25]', 'B[24]', 'B[23]', 'B[22]', 'B[21]', 'B[20]', 'B[19]', 'B[18]', 'CI'.
Warning: In design 'sqrt', the same net is connected to more than one pin on submodule 'sub_63_G14'. (LINT-33)
   Net 'n6' is connected to pins 'B[29]', 'B[28]'', 'B[27]', 'B[26]', 'B[25]', 'B[24]', 'B[23]', 'B[22]', 'B[21]', 'B[20]', 'B[19]', 'B[18]', 'CI'.
Warning: In design 'sqrt', the same net is connected to more than one pin on submodule 'sub_63_G13'. (LINT-33)
   Net 'n9' is connected to pins 'B[29]', 'B[28]'', 'B[27]', 'B[26]', 'B[25]', 'B[24]', 'B[23]', 'B[22]', 'B[21]', 'B[20]', 'B[19]', 'B[18]', 'CI'.
Warning: In design 'sqrt', the same net is connected to more than one pin on submodule 'sub_63_G12'. (LINT-33)
   Net 'n12' is connected to pins 'B[29]', 'B[28]'', 'B[27]', 'B[26]', 'B[25]', 'B[24]', 'B[23]', 'B[22]', 'B[21]', 'B[20]', 'B[19]', 'B[18]', 'CI'.
Warning: In design 'sqrt', the same net is connected to more than one pin on submodule 'sub_63_G11'. (LINT-33)
   Net 'n15' is connected to pins 'B[29]', 'B[28]'', 'B[27]', 'B[26]', 'B[25]', 'B[24]', 'B[23]', 'B[22]', 'B[21]', 'B[20]', 'B[19]', 'B[18]', 'CI'.
Warning: In design 'sqrt', the same net is connected to more than one pin on submodule 'sub_63_G10'. (LINT-33)
   Net 'n18' is connected to pins 'B[29]', 'B[28]'', 'B[27]', 'B[26]', 'B[25]', 'B[24]', 'B[23]', 'B[22]', 'B[21]', 'B[20]', 'B[19]', 'B[18]', 'CI'.
Warning: In design 'sqrt', the same net is connected to more than one pin on submodule 'sub_63_G9'. (LINT-33)
   Net 'n21' is connected to pins 'B[29]', 'B[28]'', 'B[27]', 'B[26]', 'B[25]', 'B[24]', 'B[23]', 'B[22]', 'B[21]', 'B[20]', 'B[19]', 'B[18]', 'CI'.
Warning: In design 'sqrt', the same net is connected to more than one pin on submodule 'sub_63_G8'. (LINT-33)
   Net 'n24' is connected to pins 'B[29]', 'B[28]'', 'B[27]', 'B[26]', 'B[25]', 'B[24]', 'B[23]', 'B[22]', 'B[21]', 'B[20]', 'B[19]', 'B[18]', 'CI'.
Warning: In design 'sqrt', the same net is connected to more than one pin on submodule 'sub_63_G7'. (LINT-33)
   Net 'n27' is connected to pins 'B[29]', 'B[28]'', 'B[27]', 'B[26]', 'B[25]', 'B[24]', 'B[23]', 'B[22]', 'B[21]', 'B[20]', 'B[19]', 'B[18]', 'CI'.
Warning: In design 'sqrt', the same net is connected to more than one pin on submodule 'sub_63_G6'. (LINT-33)
   Net 'n30' is connected to pins 'B[29]', 'B[28]'', 'B[27]', 'B[26]', 'B[25]', 'B[24]', 'B[23]', 'B[22]', 'B[21]', 'B[20]', 'B[19]', 'B[18]', 'CI'.
Warning: In design 'sqrt', the same net is connected to more than one pin on submodule 'sub_63_G5'. (LINT-33)
   Net 'n33' is connected to pins 'B[29]', 'B[28]'', 'B[27]', 'B[26]', 'B[25]', 'B[24]', 'B[23]', 'B[22]', 'B[21]', 'B[20]', 'B[19]', 'B[18]', 'CI'.
Warning: In design 'sqrt', the same net is connected to more than one pin on submodule 'sub_63_G4'. (LINT-33)
   Net 'n36' is connected to pins 'B[29]', 'B[28]'', 'B[27]', 'B[26]', 'B[25]', 'B[24]', 'B[23]', 'B[22]', 'B[21]', 'B[20]', 'B[19]', 'B[18]', 'CI'.
Warning: In design 'sqrt', the same net is connected to more than one pin on submodule 'sub_63_G3'. (LINT-33)
   Net 'n39' is connected to pins 'B[29]', 'B[28]'', 'B[27]', 'B[26]', 'B[25]', 'B[24]', 'B[23]', 'B[22]', 'B[21]', 'B[20]', 'B[19]', 'B[18]', 'CI'.
Warning: In design 'sqrt', the same net is connected to more than one pin on submodule 'sub_63_G2'. (LINT-33)
   Net 'n42' is connected to pins 'B[29]', 'B[28]'', 'B[27]', 'B[26]', 'B[25]', 'B[24]', 'B[23]', 'B[22]', 'B[21]', 'B[20]', 'B[19]', 'B[18]', 'CI'.
1
