 
****************************************
Report : hierarchy
Design : sort_32_u8
Version: O-2018.06-SP1
Date   : Wed Jan  3 23:44:14 2024
****************************************

sort_32_u8
    AND2X2                typical
    AND3X1                typical
    AND3X2                typical
    AOI222XL              typical
    CLKBUFX3              typical
    CLKINVX1              typical
    DFFRX1                typical
    INVX20                typical
    NAND2BX1              typical
    NAND2X1               typical
    NAND3BX1              typical
    NAND3X1               typical
    NAND3XL               typical
    NAND4X1               typical
    NOR2BX1               typical
    NOR2X1                typical
    NOR3X1                typical
    NOR4X1                typical
    OA21XL                typical
    OAI22XL               typical
    OAI211X1              typical
    OAI221XL              typical
    OR2X1                 typical
    OR4X1                 typical
    sort_score_0
        ADDFXL            typical
        AND2X1            typical
        AO21X1            typical
        AO22X1            typical
        AOI21X1           typical
        AOI211X1          typical
        AOI221XL          typical
        AOI222XL          typical
        CLKBUFX3          typical
        CLKINVX1          typical
        CLKMX2X2          typical
        DFFRX1            typical
        DFFRXL            typical
        MXI2X1            typical
        NAND2BX1          typical
        NAND2X1           typical
        NAND3BX1          typical
        NAND3X1           typical
        NOR2BX1           typical
        NOR2X1            typical
        NOR3X1            typical
        OAI2BB1X1         typical
        OAI2BB2XL         typical
        OAI21XL           typical
        OAI22XL           typical
        OAI31XL           typical
        OAI32X1           typical
        OAI211X1          typical
        OAI221XL          typical
        OAI222XL          typical
        OR2X1             typical
        XNOR2X1           typical
        XOR2X1            typical
    sort_score_1
        ADDFXL            typical
        AND2X1            typical
        AO21X1            typical
        AO22X1            typical
        AOI21X1           typical
        AOI211X1          typical
        AOI221XL          typical
        AOI222XL          typical
        CLKBUFX3          typical
        CLKINVX1          typical
        CLKMX2X2          typical
        DFFRX1            typical
        DFFRXL            typical
        MXI2X1            typical
        NAND2BX1          typical
        NAND2X1           typical
        NAND3BX1          typical
        NAND3X1           typical
        NOR2BX1           typical
        NOR2X1            typical
        NOR3X1            typical
        OAI2BB1X1         typical
        OAI2BB2XL         typical
        OAI21XL           typical
        OAI22XL           typical
        OAI31XL           typical
        OAI32X1           typical
        OAI211X1          typical
        OAI221XL          typical
        OAI222XL          typical
        OR2X1             typical
        XNOR2X1           typical
        XOR2X1            typical
    sort_score_2
        ADDFXL            typical
        AND2X1            typical
        AO21X1            typical
        AO22X1            typical
        AOI21X1           typical
        AOI211X1          typical
        AOI221XL          typical
        AOI222XL          typical
        CLKBUFX3          typical
        CLKINVX1          typical
        CLKMX2X2          typical
        DFFRX1            typical
        DFFRXL            typical
        INVX1             typical
        MXI2X1            typical
        NAND2BX1          typical
        NAND2X1           typical
        NAND3BX1          typical
        NAND3X1           typical
        NOR2BX1           typical
        NOR2X1            typical
        NOR3X1            typical
        OAI2BB1X1         typical
        OAI2BB2XL         typical
        OAI21XL           typical
        OAI22XL           typical
        OAI31XL           typical
        OAI32X1           typical
        OAI211X1          typical
        OAI221XL          typical
        OAI222XL          typical
        OR2X1             typical
        XNOR2X1           typical
        XOR2X1            typical
    sort_score_3
        ADDFXL            typical
        AND2X1            typical
        AO21X1            typical
        AO22X1            typical
        AOI21X1           typical
        AOI211X1          typical
        AOI221XL          typical
        AOI222XL          typical
        CLKBUFX3          typical
        CLKINVX1          typical
        CLKMX2X2          typical
        DFFRX1            typical
        DFFRXL            typical
        MXI2X1            typical
        NAND2BX1          typical
        NAND2X1           typical
        NAND3BX1          typical
        NAND3X1           typical
        NOR2BX1           typical
        NOR2X1            typical
        NOR3X1            typical
        OAI2BB1X1         typical
        OAI2BB2XL         typical
        OAI21XL           typical
        OAI22XL           typical
        OAI31XL           typical
        OAI32X1           typical
        OAI211X1          typical
        OAI221XL          typical
        OAI222XL          typical
        OR2X1             typical
        XNOR2X1           typical
        XOR2X1            typical
    sort_score_4
        ADDFXL            typical
        AND2X1            typical
        AO21X1            typical
        AO22X1            typical
        AOI21X1           typical
        AOI211X1          typical
        AOI221XL          typical
        AOI222XL          typical
        CLKBUFX3          typical
        CLKINVX1          typical
        CLKMX2X2          typical
        DFFRX1            typical
        DFFRXL            typical
        MXI2X1            typical
        NAND2BX1          typical
        NAND2X1           typical
        NAND3BX1          typical
        NAND3X1           typical
        NOR2BX1           typical
        NOR2X1            typical
        NOR3X1            typical
        OAI2BB1X1         typical
        OAI2BB2XL         typical
        OAI21XL           typical
        OAI22XL           typical
        OAI31XL           typical
        OAI32X1           typical
        OAI211X1          typical
        OAI221XL          typical
        OAI222XL          typical
        OR2X1             typical
        XNOR2X1           typical
        XOR2X1            typical
    sort_score_5
        ADDFXL            typical
        AND2X1            typical
        AO21X1            typical
        AO22X1            typical
        AOI21X1           typical
        AOI211X1          typical
        AOI221XL          typical
        AOI222XL          typical
        CLKBUFX3          typical
        CLKINVX1          typical
        CLKMX2X2          typical
        DFFRX1            typical
        DFFRXL            typical
        MXI2X1            typical
        NAND2BX1          typical
        NAND2X1           typical
        NAND3BX1          typical
        NAND3X1           typical
        NOR2BX1           typical
        NOR2X1            typical
        NOR3X1            typical
        OAI2BB1X1         typical
        OAI2BB2XL         typical
        OAI21XL           typical
        OAI22XL           typical
        OAI31XL           typical
        OAI32X1           typical
        OAI211X1          typical
        OAI221XL          typical
        OAI222XL          typical
        OR2X1             typical
        XNOR2X1           typical
        XOR2X1            typical
    sort_score_6
        ADDFXL            typical
        AND2X1            typical
        AO21X1            typical
        AO22X1            typical
        AOI21X1           typical
        AOI211X1          typical
        AOI221XL          typical
        AOI222XL          typical
        CLKBUFX3          typical
        CLKINVX1          typical
        CLKMX2X2          typical
        DFFRX1            typical
        DFFRXL            typical
        MXI2X1            typical
        NAND2BX1          typical
        NAND2X1           typical
        NAND3BX1          typical
        NAND3X1           typical
        NOR2BX1           typical
        NOR2X1            typical
        NOR3X1            typical
        OAI2BB1X1         typical
        OAI2BB2XL         typical
        OAI21XL           typical
        OAI22XL           typical
        OAI31XL           typical
        OAI32X1           typical
        OAI211X1          typical
        OAI221XL          typical
        OAI222XL          typical
        OR2X1             typical
        XNOR2X1           typical
        XOR2X1            typical
    sort_score_7
        ADDFXL            typical
        AND2X1            typical
        AO21X1            typical
        AO22X1            typical
        AOI21X1           typical
        AOI211X1          typical
        AOI221XL          typical
        AOI222XL          typical
        CLKBUFX3          typical
        CLKINVX1          typical
        CLKMX2X2          typical
        DFFRX1            typical
        DFFRXL            typical
        MXI2X1            typical
        NAND2BX1          typical
        NAND2X1           typical
        NAND3BX1          typical
        NAND3X1           typical
        NOR2BX1           typical
        NOR2X1            typical
        NOR3X1            typical
        OAI2BB1X1         typical
        OAI2BB2XL         typical
        OAI21XL           typical
        OAI22XL           typical
        OAI31XL           typical
        OAI32X1           typical
        OAI211X1          typical
        OAI221XL          typical
        OAI222XL          typical
        OR2X1             typical
        XNOR2X1           typical
        XOR2X1            typical
    sort_score_8
        ADDFXL            typical
        AND2X1            typical
        AO21X1            typical
        AO22X1            typical
        AOI21X1           typical
        AOI211X1          typical
        AOI221XL          typical
        AOI222XL          typical
        CLKBUFX3          typical
        CLKINVX1          typical
        CLKMX2X2          typical
        DFFRX1            typical
        DFFRXL            typical
        MXI2X1            typical
        NAND2BX1          typical
        NAND2X1           typical
        NAND3BX1          typical
        NAND3X1           typical
        NOR2BX1           typical
        NOR2X1            typical
        NOR3X1            typical
        OAI2BB1X1         typical
        OAI2BB2XL         typical
        OAI21XL           typical
        OAI22XL           typical
        OAI31XL           typical
        OAI32X1           typical
        OAI211X1          typical
        OAI221XL          typical
        OAI222XL          typical
        OR2X1             typical
        XNOR2X1           typical
        XOR2X1            typical
    sort_score_9
        ADDFXL            typical
        AND2X1            typical
        AO21X1            typical
        AO22X1            typical
        AOI21X1           typical
        AOI211X1          typical
        AOI221XL          typical
        AOI222XL          typical
        CLKBUFX3          typical
        CLKINVX1          typical
        CLKMX2X2          typical
        DFFRX1            typical
        DFFRXL            typical
        MXI2X1            typical
        NAND2BX1          typical
        NAND2X1           typical
        NAND3BX1          typical
        NAND3X1           typical
        NOR2BX1           typical
        NOR2X1            typical
        NOR3X1            typical
        OAI2BB1X1         typical
        OAI2BB2XL         typical
        OAI21XL           typical
        OAI22XL           typical
        OAI31XL           typical
        OAI32X1           typical
        OAI211X1          typical
        OAI221XL          typical
        OAI222XL          typical
        OR2X1             typical
        XNOR2X1           typical
        XOR2X1            typical
    sort_score_10
        ADDFXL            typical
        AND2X1            typical
        AO21X1            typical
        AO22X1            typical
        AOI21X1           typical
        AOI211X1          typical
        AOI221XL          typical
        AOI222XL          typical
        CLKBUFX3          typical
        CLKINVX1          typical
        CLKMX2X2          typical
        DFFRX1            typical
        DFFRXL            typical
        MXI2X1            typical
        NAND2BX1          typical
        NAND2X1           typical
        NAND3BX1          typical
        NAND3X1           typical
        NOR2BX1           typical
        NOR2X1            typical
        NOR3X1            typical
        OAI2BB1X1         typical
        OAI2BB2XL         typical
        OAI21XL           typical
        OAI22XL           typical
        OAI31XL           typical
        OAI32X1           typical
        OAI211X1          typical
        OAI221XL          typical
        OAI222XL          typical
        OR2X1             typical
        XNOR2X1           typical
        XOR2X1            typical
    sort_score_11
        ADDFXL            typical
        AND2X1            typical
        AO21X1            typical
        AO22X1            typical
        AOI21X1           typical
        AOI211X1          typical
        AOI221XL          typical
        AOI222XL          typical
        CLKBUFX3          typical
        CLKINVX1          typical
        CLKMX2X2          typical
        DFFRX1            typical
        DFFRXL            typical
        MXI2X1            typical
        NAND2BX1          typical
        NAND2X1           typical
        NAND3BX1          typical
        NAND3X1           typical
        NOR2BX1           typical
        NOR2X1            typical
        NOR3X1            typical
        OAI2BB1X1         typical
        OAI2BB2XL         typical
        OAI21XL           typical
        OAI22XL           typical
        OAI31XL           typical
        OAI32X1           typical
        OAI211X1          typical
        OAI221XL          typical
        OAI222XL          typical
        OR2X1             typical
        XNOR2X1           typical
        XOR2X1            typical
    sort_score_12
        ADDFXL            typical
        AND2X1            typical
        AO21X1            typical
        AO22X1            typical
        AOI21X1           typical
        AOI211X1          typical
        AOI221XL          typical
        AOI222XL          typical
        CLKBUFX3          typical
        CLKINVX1          typical
        CLKMX2X2          typical
        DFFRX1            typical
        DFFRXL            typical
        MXI2X1            typical
        NAND2BX1          typical
        NAND2X1           typical
        NAND3BX1          typical
        NAND3X1           typical
        NOR2BX1           typical
        NOR2X1            typical
        NOR3X1            typical
        OAI2BB1X1         typical
        OAI2BB2XL         typical
        OAI21XL           typical
        OAI22XL           typical
        OAI31XL           typical
        OAI32X1           typical
        OAI211X1          typical
        OAI221XL          typical
        OAI222XL          typical
        OR2X1             typical
        XNOR2X1           typical
        XOR2X1            typical
    sort_score_13
        ADDFXL            typical
        AND2X1            typical
        AO21X1            typical
        AO22X1            typical
        AOI21X1           typical
        AOI211X1          typical
        AOI221XL          typical
        AOI222XL          typical
        CLKBUFX3          typical
        CLKINVX1          typical
        CLKMX2X2          typical
        DFFRX1            typical
        DFFRXL            typical
        MXI2X1            typical
        NAND2BX1          typical
        NAND2X1           typical
        NAND3BX1          typical
        NAND3X1           typical
        NOR2BX1           typical
        NOR2X1            typical
        NOR3X1            typical
        OAI2BB1X1         typical
        OAI2BB2XL         typical
        OAI21XL           typical
        OAI22XL           typical
        OAI31XL           typical
        OAI32X1           typical
        OAI211X1          typical
        OAI221XL          typical
        OAI222XL          typical
        OR2X1             typical
        XNOR2X1           typical
        XOR2X1            typical
    sort_score_14
        ADDFXL            typical
        AND2X1            typical
        AO21X1            typical
        AO22X1            typical
        AOI21X1           typical
        AOI211X1          typical
        AOI221XL          typical
        AOI222XL          typical
        CLKBUFX3          typical
        CLKINVX1          typical
        CLKMX2X2          typical
        DFFRX1            typical
        DFFRXL            typical
        MXI2X1            typical
        NAND2BX1          typical
        NAND2X1           typical
        NAND3BX1          typical
        NAND3X1           typical
        NOR2BX1           typical
        NOR2X1            typical
        NOR3X1            typical
        OAI2BB1X1         typical
        OAI2BB2XL         typical
        OAI21XL           typical
        OAI22XL           typical
        OAI31XL           typical
        OAI32X1           typical
        OAI211X1          typical
        OAI221XL          typical
        OAI222XL          typical
        OR2X1             typical
        XNOR2X1           typical
        XOR2X1            typical
    sort_score_15
        ADDFXL            typical
        AND2X1            typical
        AO21X1            typical
        AO22X1            typical
        AOI21X1           typical
        AOI211X1          typical
        AOI221XL          typical
        AOI222XL          typical
        CLKBUFX3          typical
        CLKINVX1          typical
        CLKMX2X2          typical
        DFFRX1            typical
        DFFRXL            typical
        MXI2X1            typical
        NAND2BX1          typical
        NAND2X1           typical
        NAND3BX1          typical
        NAND3X1           typical
        NOR2BX1           typical
        NOR2X1            typical
        NOR3X1            typical
        OAI2BB1X1         typical
        OAI2BB2XL         typical
        OAI21XL           typical
        OAI22XL           typical
        OAI31XL           typical
        OAI32X1           typical
        OAI211X1          typical
        OAI221XL          typical
        OAI222XL          typical
        OR2X1             typical
        XNOR2X1           typical
        XOR2X1            typical
    sort_score_16
        ADDFXL            typical
        AND2X1            typical
        AO21X1            typical
        AO22X1            typical
        AOI21X1           typical
        AOI211X1          typical
        AOI221XL          typical
        AOI222XL          typical
        CLKBUFX3          typical
        CLKINVX1          typical
        CLKMX2X2          typical
        DFFRX1            typical
        DFFRXL            typical
        MXI2X1            typical
        NAND2BX1          typical
        NAND2X1           typical
        NAND3BX1          typical
        NAND3X1           typical
        NOR2BX1           typical
        NOR2X1            typical
        NOR3X1            typical
        OAI2BB1X1         typical
        OAI2BB2XL         typical
        OAI21XL           typical
        OAI22XL           typical
        OAI31XL           typical
        OAI32X1           typical
        OAI211X1          typical
        OAI221XL          typical
        OAI222XL          typical
        OR2X1             typical
        XNOR2X1           typical
        XOR2X1            typical
    sort_score_17
        ADDFXL            typical
        AND2X1            typical
        AO21X1            typical
        AO22X1            typical
        AOI21X1           typical
        AOI211X1          typical
        AOI221XL          typical
        AOI222XL          typical
        CLKBUFX3          typical
        CLKINVX1          typical
        CLKMX2X2          typical
        DFFRX1            typical
        DFFRXL            typical
        MXI2X1            typical
        NAND2BX1          typical
        NAND2X1           typical
        NAND3BX1          typical
        NAND3X1           typical
        NOR2BX1           typical
        NOR2X1            typical
        NOR3X1            typical
        OAI2BB1X1         typical
        OAI2BB2XL         typical
        OAI21XL           typical
        OAI22XL           typical
        OAI31XL           typical
        OAI32X1           typical
        OAI211X1          typical
        OAI221XL          typical
        OAI222XL          typical
        OR2X1             typical
        XNOR2X1           typical
        XOR2X1            typical
    sort_score_18
        ADDFXL            typical
        AND2X1            typical
        AO21X1            typical
        AO22X1            typical
        AOI21X1           typical
        AOI211X1          typical
        AOI221XL          typical
        AOI222XL          typical
        CLKBUFX3          typical
        CLKINVX1          typical
        CLKMX2X2          typical
        DFFRX1            typical
        DFFRXL            typical
        MXI2X1            typical
        NAND2BX1          typical
        NAND2X1           typical
        NAND3BX1          typical
        NAND3X1           typical
        NOR2BX1           typical
        NOR2X1            typical
        NOR3X1            typical
        OAI2BB1X1         typical
        OAI2BB2XL         typical
        OAI21XL           typical
        OAI22XL           typical
        OAI31XL           typical
        OAI32X1           typical
        OAI211X1          typical
        OAI221XL          typical
        OAI222XL          typical
        OR2X1             typical
        XNOR2X1           typical
        XOR2X1            typical
    sort_score_19
        ADDFXL            typical
        AND2X1            typical
        AO21X1            typical
        AO22X1            typical
        AOI21X1           typical
        AOI211X1          typical
        AOI221XL          typical
        AOI222XL          typical
        CLKBUFX3          typical
        CLKINVX1          typical
        CLKMX2X2          typical
        DFFRX1            typical
        DFFRXL            typical
        MXI2X1            typical
        NAND2BX1          typical
        NAND2X1           typical
        NAND3BX1          typical
        NAND3X1           typical
        NOR2BX1           typical
        NOR2X1            typical
        NOR3X1            typical
        OAI2BB1X1         typical
        OAI2BB2XL         typical
        OAI21XL           typical
        OAI22XL           typical
        OAI31XL           typical
        OAI32X1           typical
        OAI211X1          typical
        OAI221XL          typical
        OAI222XL          typical
        OR2X1             typical
        XNOR2X1           typical
        XOR2X1            typical
    sort_score_20
        ADDFXL            typical
        AND2X1            typical
        AO21X1            typical
        AO22X1            typical
        AOI21X1           typical
        AOI211X1          typical
        AOI221XL          typical
        AOI222XL          typical
        CLKBUFX3          typical
        CLKINVX1          typical
        CLKMX2X2          typical
        DFFRX1            typical
        DFFRXL            typical
        MXI2X1            typical
        NAND2BX1          typical
        NAND2X1           typical
        NAND3BX1          typical
        NAND3X1           typical
        NOR2BX1           typical
        NOR2X1            typical
        NOR3X1            typical
        OAI2BB1X1         typical
        OAI2BB2XL         typical
        OAI21XL           typical
        OAI22XL           typical
        OAI31XL           typical
        OAI32X1           typical
        OAI211X1          typical
        OAI221XL          typical
        OAI222XL          typical
        OR2X1             typical
        XNOR2X1           typical
        XOR2X1            typical
    sort_score_21
        ADDFXL            typical
        AND2X1            typical
        AO21X1            typical
        AO22X1            typical
        AOI21X1           typical
        AOI211X1          typical
        AOI221XL          typical
        AOI222XL          typical
        CLKBUFX3          typical
        CLKINVX1          typical
        CLKMX2X2          typical
        DFFRX1            typical
        DFFRXL            typical
        INVX1             typical
        MXI2X1            typical
        NAND2BX1          typical
        NAND2X1           typical
        NAND3BX1          typical
        NAND3X1           typical
        NOR2BX1           typical
        NOR2X1            typical
        NOR3X1            typical
        OAI2BB1X1         typical
        OAI2BB2XL         typical
        OAI21XL           typical
        OAI22XL           typical
        OAI31XL           typical
        OAI32X1           typical
        OAI211X1          typical
        OAI221XL          typical
        OAI222XL          typical
        OR2X1             typical
        XNOR2X1           typical
        XOR2X1            typical
    sort_score_22
        ADDFXL            typical
        AND2X1            typical
        AO21X1            typical
        AO22X1            typical
        AOI21X1           typical
        AOI211X1          typical
        AOI221XL          typical
        AOI222XL          typical
        CLKBUFX3          typical
        CLKINVX1          typical
        CLKMX2X2          typical
        DFFRX1            typical
        DFFRXL            typical
        MXI2X1            typical
        NAND2BX1          typical
        NAND2X1           typical
        NAND3BX1          typical
        NAND3X1           typical
        NOR2BX1           typical
        NOR2X1            typical
        NOR3X1            typical
        OAI2BB1X1         typical
        OAI2BB2XL         typical
        OAI21XL           typical
        OAI22XL           typical
        OAI31XL           typical
        OAI32X1           typical
        OAI211X1          typical
        OAI221XL          typical
        OAI222XL          typical
        OR2X1             typical
        XNOR2X1           typical
        XOR2X1            typical
    sort_score_23
        ADDFXL            typical
        AND2X1            typical
        AO21X1            typical
        AO22X1            typical
        AOI21X1           typical
        AOI211X1          typical
        AOI221XL          typical
        AOI222XL          typical
        CLKBUFX3          typical
        CLKINVX1          typical
        CLKMX2X2          typical
        DFFRX1            typical
        DFFRXL            typical
        MXI2X1            typical
        NAND2BX1          typical
        NAND2X1           typical
        NAND3BX1          typical
        NAND3X1           typical
        NOR2BX1           typical
        NOR2X1            typical
        NOR3X1            typical
        OAI2BB1X1         typical
        OAI2BB2XL         typical
        OAI21XL           typical
        OAI22XL           typical
        OAI31XL           typical
        OAI32X1           typical
        OAI211X1          typical
        OAI221XL          typical
        OAI222XL          typical
        OR2X1             typical
        XNOR2X1           typical
        XOR2X1            typical
    sort_score_24
        ADDFXL            typical
        AND2X1            typical
        AO21X1            typical
        AO22X1            typical
        AOI21X1           typical
        AOI211X1          typical
        AOI221XL          typical
        AOI222XL          typical
        CLKBUFX3          typical
        CLKINVX1          typical
        CLKMX2X2          typical
        DFFRX1            typical
        DFFRXL            typical
        MXI2X1            typical
        NAND2BX1          typical
        NAND2X1           typical
        NAND3BX1          typical
        NAND3X1           typical
        NOR2BX1           typical
        NOR2X1            typical
        NOR3X1            typical
        OAI2BB1X1         typical
        OAI2BB2XL         typical
        OAI21XL           typical
        OAI22XL           typical
        OAI31XL           typical
        OAI32X1           typical
        OAI211X1          typical
        OAI221XL          typical
        OAI222XL          typical
        OR2X1             typical
        XNOR2X1           typical
        XOR2X1            typical
    sort_score_25
        ADDFXL            typical
        AND2X1            typical
        AO21X1            typical
        AO22X1            typical
        AOI21X1           typical
        AOI211X1          typical
        AOI221XL          typical
        AOI222XL          typical
        CLKBUFX3          typical
        CLKINVX1          typical
        CLKMX2X2          typical
        DFFRX1            typical
        DFFRXL            typical
        MXI2X1            typical
        NAND2BX1          typical
        NAND2X1           typical
        NAND3BX1          typical
        NAND3X1           typical
        NOR2BX1           typical
        NOR2X1            typical
        NOR3X1            typical
        OAI2BB1X1         typical
        OAI2BB2XL         typical
        OAI21XL           typical
        OAI22XL           typical
        OAI31XL           typical
        OAI32X1           typical
        OAI211X1          typical
        OAI221XL          typical
        OAI222XL          typical
        OR2X1             typical
        XNOR2X1           typical
        XOR2X1            typical
    sort_score_26
        ADDFXL            typical
        AND2X1            typical
        AO21X1            typical
        AO22X1            typical
        AOI21X1           typical
        AOI211X1          typical
        AOI221XL          typical
        AOI222XL          typical
        CLKBUFX3          typical
        CLKINVX1          typical
        CLKMX2X2          typical
        DFFRX1            typical
        DFFRXL            typical
        MXI2X1            typical
        NAND2BX1          typical
        NAND2X1           typical
        NAND3BX1          typical
        NAND3X1           typical
        NOR2BX1           typical
        NOR2X1            typical
        NOR3X1            typical
        OAI2BB1X1         typical
        OAI2BB2XL         typical
        OAI21XL           typical
        OAI22XL           typical
        OAI31XL           typical
        OAI32X1           typical
        OAI211X1          typical
        OAI221XL          typical
        OAI222XL          typical
        OR2X1             typical
        XNOR2X1           typical
        XOR2X1            typical
    sort_score_27
        ADDFXL            typical
        AND2X1            typical
        AO21X1            typical
        AO22X1            typical
        AOI21X1           typical
        AOI211X1          typical
        AOI221XL          typical
        AOI222XL          typical
        CLKBUFX3          typical
        CLKINVX1          typical
        CLKMX2X2          typical
        DFFRX1            typical
        DFFRXL            typical
        MXI2X1            typical
        NAND2BX1          typical
        NAND2X1           typical
        NAND3BX1          typical
        NAND3X1           typical
        NOR2BX1           typical
        NOR2X1            typical
        NOR3X1            typical
        OAI2BB1X1         typical
        OAI2BB2XL         typical
        OAI21XL           typical
        OAI22XL           typical
        OAI31XL           typical
        OAI32X1           typical
        OAI211X1          typical
        OAI221XL          typical
        OAI222XL          typical
        OR2X1             typical
        XNOR2X1           typical
        XOR2X1            typical
    sort_score_28
        ADDFXL            typical
        AND2X1            typical
        AO21X1            typical
        AO22X1            typical
        AOI21X1           typical
        AOI211X1          typical
        AOI221XL          typical
        AOI222XL          typical
        CLKBUFX3          typical
        CLKINVX1          typical
        CLKMX2X2          typical
        DFFRX1            typical
        DFFRXL            typical
        MXI2X1            typical
        NAND2BX1          typical
        NAND2X1           typical
        NAND3BX1          typical
        NAND3X1           typical
        NOR2BX1           typical
        NOR2X1            typical
        NOR3X1            typical
        OAI2BB1X1         typical
        OAI2BB2XL         typical
        OAI21XL           typical
        OAI22XL           typical
        OAI31XL           typical
        OAI32X1           typical
        OAI211X1          typical
        OAI221XL          typical
        OAI222XL          typical
        OR2X1             typical
        XNOR2X1           typical
        XOR2X1            typical
    sort_score_29
        ADDFXL            typical
        AND2X1            typical
        AO21X1            typical
        AO22X1            typical
        AOI21X1           typical
        AOI211X1          typical
        AOI221XL          typical
        AOI222XL          typical
        CLKBUFX3          typical
        CLKINVX1          typical
        CLKMX2X2          typical
        DFFRX1            typical
        DFFRXL            typical
        MXI2X1            typical
        NAND2BX1          typical
        NAND2X1           typical
        NAND3BX1          typical
        NAND3X1           typical
        NOR2BX1           typical
        NOR2X1            typical
        NOR3X1            typical
        OAI2BB1X1         typical
        OAI2BB2XL         typical
        OAI21XL           typical
        OAI22XL           typical
        OAI31XL           typical
        OAI32X1           typical
        OAI211X1          typical
        OAI221XL          typical
        OAI222XL          typical
        OR2X1             typical
        XNOR2X1           typical
        XOR2X1            typical
    sort_score_30
        ADDFXL            typical
        AND2X1            typical
        AO21X1            typical
        AO22X1            typical
        AOI21X1           typical
        AOI211X1          typical
        AOI221XL          typical
        AOI222XL          typical
        CLKBUFX3          typical
        CLKINVX1          typical
        CLKMX2X2          typical
        DFFRX1            typical
        DFFRXL            typical
        MXI2X1            typical
        NAND2BX1          typical
        NAND2X1           typical
        NAND3BX1          typical
        NAND3X1           typical
        NOR2BX1           typical
        NOR2X1            typical
        NOR3X1            typical
        OAI2BB1X1         typical
        OAI2BB2XL         typical
        OAI21XL           typical
        OAI22XL           typical
        OAI31XL           typical
        OAI32X1           typical
        OAI211X1          typical
        OAI221XL          typical
        OAI222XL          typical
        OR2X1             typical
        XNOR2X1           typical
        XOR2X1            typical
    sort_score_31
        ADDFXL            typical
        AND2X1            typical
        AO21X1            typical
        AO22X1            typical
        AOI21X1           typical
        AOI211X1          typical
        AOI221XL          typical
        AOI222XL          typical
        CLKBUFX3          typical
        CLKINVX1          typical
        CLKMX2X2          typical
        DFFRX1            typical
        DFFRXL            typical
        MXI2X1            typical
        NAND2BX1          typical
        NAND2X1           typical
        NAND3BX1          typical
        NAND3X1           typical
        NOR2BX1           typical
        NOR2X1            typical
        NOR3X1            typical
        OAI2BB1X1         typical
        OAI2BB2XL         typical
        OAI21XL           typical
        OAI22XL           typical
        OAI31XL           typical
        OAI32X1           typical
        OAI211X1          typical
        OAI221XL          typical
        OAI222XL          typical
        OR2X1             typical
        XNOR2X1           typical
        XOR2X1            typical
1
