 
****************************************
Report : constraint
        -all_violators
        -verbose
Design : sram
Version: O-2018.06-SP1
Date   : Thu Jan  4 00:00:38 2024
****************************************


    Net: dout[0]

    max_capacitance        1.71
  - Capacitance            2.00
  ------------------------------
    Slack                 -0.29  (VIOLATED)


    Net: dout[1]

    max_capacitance        1.71
  - Capacitance            2.00
  ------------------------------
    Slack                 -0.29  (VIOLATED)


    Net: dout[2]

    max_capacitance        1.71
  - Capacitance            2.00
  ------------------------------
    Slack                 -0.29  (VIOLATED)


    Net: dout[3]

    max_capacitance        1.71
  - Capacitance            2.00
  ------------------------------
    Slack                 -0.29  (VIOLATED)


    Net: dout[4]

    max_capacitance        1.71
  - Capacitance            2.00
  ------------------------------
    Slack                 -0.29  (VIOLATED)


    Net: dout[5]

    max_capacitance        1.71
  - Capacitance            2.00
  ------------------------------
    Slack                 -0.29  (VIOLATED)


    Net: dout[6]

    max_capacitance        1.71
  - Capacitance            2.00
  ------------------------------
    Slack                 -0.29  (VIOLATED)


    Net: dout[7]

    max_capacitance        1.71
  - Capacitance            2.00
  ------------------------------
    Slack                 -0.29  (VIOLATED)


    Design: sram

    max_area               0.00
  - Current Area        6923.69
  ------------------------------
    Slack              -6923.69  (VIOLATED)


1
