 
****************************************
Report : cell
Design : bsh_32
Version: O-2018.06-SP1
Date   : Sat Dec  9 23:35:13 2023
****************************************

Attributes:
    b - black box (unknown)
    h - hierarchical
    n - noncombinational
    r - removable
    u - contains unmapped logic

Cell                      Reference       Library             Area  Attributes
--------------------------------------------------------------------------------
U432                      OAI221XL        typical         11.881800 
U433                      OAI221XL        typical         11.881800 
U434                      OAI221XL        typical         11.881800 
U435                      OAI221XL        typical         11.881800 
U436                      OAI221XL        typical         11.881800 
U437                      OAI221XL        typical         11.881800 
U438                      OAI221XL        typical         11.881800 
U439                      OAI221XL        typical         11.881800 
U440                      OAI221XL        typical         11.881800 
U441                      OAI221XL        typical         11.881800 
U442                      OAI221XL        typical         11.881800 
U443                      OAI221XL        typical         11.881800 
U444                      OAI221XL        typical         11.881800 
U445                      OAI221XL        typical         11.881800 
U446                      OAI221XL        typical         11.881800 
U447                      OAI221XL        typical         11.881800 
U448                      OAI221XL        typical         11.881800 
U449                      OAI221XL        typical         11.881800 
U450                      CLKINVX1        typical         3.394800  
U451                      INVX20          typical         22.066200 
U452                      CLKINVX1        typical         3.394800  
U453                      INVX20          typical         22.066200 
U454                      CLKINVX1        typical         3.394800  
U455                      INVX20          typical         22.066200 
U456                      CLKINVX1        typical         3.394800  
U457                      INVX20          typical         22.066200 
U458                      CLKINVX1        typical         3.394800  
U459                      INVX20          typical         22.066200 
U460                      CLKINVX1        typical         3.394800  
U461                      INVX20          typical         22.066200 
U462                      CLKINVX1        typical         3.394800  
U463                      INVX20          typical         22.066200 
U464                      CLKINVX1        typical         3.394800  
U465                      INVX20          typical         22.066200 
U466                      CLKINVX1        typical         3.394800  
U467                      INVX20          typical         22.066200 
U468                      CLKINVX1        typical         3.394800  
U469                      INVX20          typical         22.066200 
U470                      CLKINVX1        typical         3.394800  
U471                      INVX20          typical         22.066200 
U472                      CLKINVX1        typical         3.394800  
U473                      INVX20          typical         22.066200 
U474                      CLKINVX1        typical         3.394800  
U475                      INVX20          typical         22.066200 
U476                      CLKINVX1        typical         3.394800  
U477                      INVX20          typical         22.066200 
U478                      NAND2X2         typical         8.487000  
U479                      NAND2X2         typical         8.487000  
U480                      NAND2X2         typical         8.487000  
U481                      NAND2X2         typical         8.487000  
U482                      CLKINVX1        typical         3.394800  
U483                      INVX20          typical         22.066200 
U484                      CLKINVX1        typical         3.394800  
U485                      INVX20          typical         22.066200 
U486                      CLKINVX1        typical         3.394800  
U487                      INVX20          typical         22.066200 
U488                      CLKINVX1        typical         3.394800  
U489                      INVX20          typical         22.066200 
U490                      CLKINVX1        typical         3.394800  
U491                      INVX20          typical         22.066200 
U492                      CLKINVX1        typical         3.394800  
U493                      INVX20          typical         22.066200 
U494                      CLKINVX1        typical         3.394800  
U495                      INVX20          typical         22.066200 
U496                      CLKINVX1        typical         3.394800  
U497                      INVX20          typical         22.066200 
U498                      CLKINVX1        typical         3.394800  
U499                      INVX20          typical         22.066200 
U500                      CLKINVX1        typical         3.394800  
U501                      INVX20          typical         22.066200 
U502                      CLKINVX1        typical         3.394800  
U503                      INVX20          typical         22.066200 
U504                      AOI22XL         typical         10.184400 
U505                      CLKINVX1        typical         3.394800  
U506                      INVX20          typical         22.066200 
U507                      CLKINVX1        typical         3.394800  
U508                      INVX20          typical         22.066200 
U509                      AOI22XL         typical         10.184400 
U510                      CLKINVX1        typical         3.394800  
U511                      INVX20          typical         22.066200 
U512                      CLKINVX1        typical         3.394800  
U513                      INVX20          typical         22.066200 
U514                      CLKINVX1        typical         3.394800  
U515                      INVX20          typical         22.066200 
U516                      AOI22XL         typical         10.184400 
U517                      INVX3           typical         5.092200  
U518                      INVX3           typical         5.092200  
U519                      INVX3           typical         5.092200  
U520                      INVX3           typical         5.092200  
U521                      CLKINVX1        typical         3.394800  
U522                      INVX20          typical         22.066200 
U523                      CLKINVX1        typical         3.394800  
U524                      INVX20          typical         22.066200 
U525                      AOI22X1         typical         10.184400 
U526                      AOI22X1         typical         10.184400 
U527                      AOI22X1         typical         10.184400 
U528                      AOI22X1         typical         10.184400 
U529                      AOI22X1         typical         10.184400 
U530                      OAI221XL        typical         11.881800 
U531                      AOI22X1         typical         10.184400 
U532                      OAI221XL        typical         11.881800 
U533                      AOI22X1         typical         10.184400 
U534                      AOI22X1         typical         10.184400 
U535                      OAI221XL        typical         11.881800 
U536                      AOI22X1         typical         10.184400 
U537                      OAI221XL        typical         11.881800 
U538                      AOI22X1         typical         10.184400 
U539                      OAI221XL        typical         11.881800 
U540                      AOI22X1         typical         10.184400 
U541                      OAI221XL        typical         11.881800 
U542                      AOI22X1         typical         10.184400 
U543                      OAI221XL        typical         11.881800 
U544                      AOI22X1         typical         10.184400 
U545                      OAI221XL        typical         11.881800 
U546                      AOI22X1         typical         10.184400 
U547                      OAI221XL        typical         11.881800 
U548                      AOI22X1         typical         10.184400 
U549                      AOI221XL        typical         11.881800 
U550                      AO22X1          typical         10.184400 
U551                      AOI221XL        typical         11.881800 
U552                      AO22X1          typical         10.184400 
U553                      OAI221XL        typical         11.881800 
U554                      AOI22X1         typical         10.184400 
U555                      OAI221XL        typical         11.881800 
U556                      AOI22X1         typical         10.184400 
U557                      CLKINVX1        typical         3.394800  
U558                      OAI221XL        typical         11.881800 
U559                      AOI2BB2X1       typical         10.184400 
U560                      AOI221XL        typical         11.881800 
U561                      OAI2BB2XL       typical         10.184400 
U562                      AOI221XL        typical         11.881800 
U563                      AO22X1          typical         10.184400 
U564                      OAI221XL        typical         11.881800 
U565                      AOI22X1         typical         10.184400 
U566                      OAI221XL        typical         11.881800 
U567                      AOI2BB2X1       typical         10.184400 
U568                      OAI221XL        typical         11.881800 
U569                      AOI22X1         typical         10.184400 
U570                      AOI221XL        typical         11.881800 
U571                      OAI22XL         typical         8.487000  
U572                      AOI221XL        typical         11.881800 
U573                      OAI22XL         typical         8.487000  
U574                      OAI221XL        typical         11.881800 
U575                      AOI22X1         typical         10.184400 
U576                      OAI221XL        typical         11.881800 
U577                      AOI2BB2X1       typical         10.184400 
U578                      OAI221XL        typical         11.881800 
U579                      AOI22X1         typical         10.184400 
U580                      CLKINVX1        typical         3.394800  
U581                      AOI221XL        typical         11.881800 
U582                      AO22X1          typical         10.184400 
U583                      AOI221XL        typical         11.881800 
U584                      AO22X1          typical         10.184400 
U585                      OAI221XL        typical         11.881800 
U586                      AOI22X1         typical         10.184400 
U587                      OAI221XL        typical         11.881800 
U588                      AOI22X1         typical         10.184400 
U589                      OAI221XL        typical         11.881800 
U590                      AOI22X1         typical         10.184400 
U591                      AOI221XL        typical         11.881800 
U592                      OAI2BB2XL       typical         10.184400 
U593                      AOI221XL        typical         11.881800 
U594                      AO22X1          typical         10.184400 
U595                      OAI221XL        typical         11.881800 
U596                      AOI22X1         typical         10.184400 
U597                      OAI221XL        typical         11.881800 
U598                      AOI22X1         typical         10.184400 
U599                      OAI221XL        typical         11.881800 
U600                      AOI22X1         typical         10.184400 
U601                      AOI221XL        typical         11.881800 
U602                      OAI2BB2XL       typical         10.184400 
U603                      AOI221XL        typical         11.881800 
U604                      OAI2BB2XL       typical         10.184400 
U605                      CLKINVX1        typical         3.394800  
U606                      AOI22X1         typical         10.184400 
U607                      OAI221XL        typical         11.881800 
U608                      AOI22X1         typical         10.184400 
U609                      OAI221XL        typical         11.881800 
U610                      AOI2BB2X1       typical         10.184400 
U611                      OAI221XL        typical         11.881800 
U612                      AOI22X1         typical         10.184400 
U613                      AOI221XL        typical         11.881800 
U614                      OAI22XL         typical         8.487000  
U615                      AOI221XL        typical         11.881800 
U616                      OAI22XL         typical         8.487000  
U617                      AOI22X1         typical         10.184400 
U618                      OAI221XL        typical         11.881800 
U619                      AOI2BB2X1       typical         10.184400 
U620                      OAI221XL        typical         11.881800 
U621                      AOI22X1         typical         10.184400 
U622                      AOI221XL        typical         11.881800 
U623                      AO22X1          typical         10.184400 
U624                      AOI221XL        typical         11.881800 
U625                      AO22X1          typical         10.184400 
U626                      AOI22X1         typical         10.184400 
U627                      OAI221XL        typical         11.881800 
U628                      AOI2BB2X1       typical         10.184400 
U629                      CLKINVX1        typical         3.394800  
U630                      OAI221XL        typical         11.881800 
U631                      AOI22X1         typical         10.184400 
U632                      AOI221XL        typical         11.881800 
U633                      AO22X1          typical         10.184400 
U634                      AOI221XL        typical         11.881800 
U635                      AO22X1          typical         10.184400 
U636                      AOI22X1         typical         10.184400 
U637                      AOI22X1         typical         10.184400 
U638                      OAI221XL        typical         11.881800 
U639                      AOI22X1         typical         10.184400 
U640                      CLKINVX1        typical         3.394800  
U641                      OAI221XL        typical         11.881800 
U642                      AOI22X1         typical         10.184400 
U643                      CLKINVX1        typical         3.394800  
U644                      AOI221XL        typical         11.881800 
U645                      OAI22XL         typical         8.487000  
U646                      AOI221XL        typical         11.881800 
U647                      OAI2BB2XL       typical         10.184400 
U648                      AOI22X1         typical         10.184400 
U649                      OAI221XL        typical         11.881800 
U650                      AOI22X1         typical         10.184400 
U651                      CLKINVX1        typical         3.394800  
U652                      OAI221XL        typical         11.881800 
U653                      AOI22X1         typical         10.184400 
U654                      AOI221XL        typical         11.881800 
U655                      OAI2BB2XL       typical         10.184400 
U656                      CLKINVX1        typical         3.394800  
U657                      AOI221XL        typical         11.881800 
U658                      AO22X1          typical         10.184400 
U659                      AOI22X1         typical         10.184400 
U660                      OAI221XL        typical         11.881800 
U661                      AOI22X1         typical         10.184400 
U662                      OAI221XL        typical         11.881800 
U663                      OA22X1          typical         10.184400 
U664                      OAI221XL        typical         11.881800 
U665                      OA22X1          typical         10.184400 
U666                      CLKINVX1        typical         3.394800  
U667                      OAI221XL        typical         11.881800 
U668                      OA22X1          typical         10.184400 
U669                      CLKINVX1        typical         3.394800  
U670                      OAI221XL        typical         11.881800 
U671                      OA22X1          typical         10.184400 
U672                      OAI221XL        typical         11.881800 
U673                      AOI2BB2X1       typical         10.184400 
U674                      CLKINVX1        typical         3.394800  
U675                      OAI221XL        typical         11.881800 
U676                      OA22X1          typical         10.184400 
U677                      OAI221XL        typical         11.881800 
U678                      OA22X1          typical         10.184400 
U679                      CLKINVX1        typical         3.394800  
U680                      OAI221XL        typical         11.881800 
U681                      OA22X1          typical         10.184400 
U682                      CLKINVX1        typical         3.394800  
U683                      OAI221XL        typical         11.881800 
U684                      OA22X1          typical         10.184400 
U685                      AOI221XL        typical         11.881800 
U686                      OAI2BB2XL       typical         10.184400 
U687                      OAI221XL        typical         11.881800 
U688                      OA22X1          typical         10.184400 
U689                      CLKINVX1        typical         3.394800  
U690                      OAI221XL        typical         11.881800 
U691                      OA22X1          typical         10.184400 
U692                      OAI221XL        typical         11.881800 
U693                      OA22X1          typical         10.184400 
U694                      OAI221XL        typical         11.881800 
U695                      OA22X1          typical         10.184400 
U696                      AOI221XL        typical         11.881800 
U697                      AO22X1          typical         10.184400 
U698                      OAI221XL        typical         11.881800 
U699                      OA22X1          typical         10.184400 
U700                      OAI221XL        typical         11.881800 
U701                      OA22X1          typical         10.184400 
U702                      OAI221XL        typical         11.881800 
U703                      OA22X1          typical         10.184400 
U704                      OAI221XL        typical         11.881800 
U705                      OA22X1          typical         10.184400 
U706                      OAI221XL        typical         11.881800 
U707                      AOI22X1         typical         10.184400 
U708                      OAI221XL        typical         11.881800 
U709                      AOI22X1         typical         10.184400 
U710                      CLKINVX1        typical         3.394800  
U711                      OAI221XL        typical         11.881800 
U712                      AOI22X1         typical         10.184400 
U713                      CLKINVX1        typical         3.394800  
U714                      AOI221XL        typical         11.881800 
U715                      OAI2BB2XL       typical         10.184400 
U716                      CLKINVX1        typical         3.394800  
U717                      AOI221XL        typical         11.881800 
U718                      AO22X1          typical         10.184400 
U719                      AOI22X1         typical         10.184400 
U720                      OAI221XL        typical         11.881800 
U721                      AOI2BB2X1       typical         10.184400 
U722                      CLKINVX1        typical         3.394800  
U723                      OAI221XL        typical         11.881800 
U724                      OA22X1          typical         10.184400 
U725                      OAI221XL        typical         11.881800 
U726                      OA22X1          typical         10.184400 
U727                      CLKINVX1        typical         3.394800  
U728                      OAI221XL        typical         11.881800 
U729                      OA22X1          typical         10.184400 
U730                      CLKINVX1        typical         3.394800  
U731                      OAI221XL        typical         11.881800 
U732                      OA22X1          typical         10.184400 
U733                      OAI221XL        typical         11.881800 
U734                      AOI22X1         typical         10.184400 
U735                      OAI221XL        typical         11.881800 
U736                      OA22X1          typical         10.184400 
U737                      OAI221XL        typical         11.881800 
U738                      OA22X1          typical         10.184400 
U739                      CLKINVX1        typical         3.394800  
U740                      OAI221XL        typical         11.881800 
U741                      OA22X1          typical         10.184400 
U742                      CLKINVX1        typical         3.394800  
U743                      OAI221XL        typical         11.881800 
U744                      OA22X1          typical         10.184400 
U745                      AOI221XL        typical         11.881800 
U746                      OAI22XL         typical         8.487000  
U747                      CLKINVX1        typical         3.394800  
U748                      OAI221XL        typical         11.881800 
U749                      OA22X1          typical         10.184400 
U750                      CLKINVX1        typical         3.394800  
U751                      OAI221XL        typical         11.881800 
U752                      OA22X1          typical         10.184400 
U753                      OAI221XL        typical         11.881800 
U754                      OA22X1          typical         10.184400 
U755                      OAI221XL        typical         11.881800 
U756                      OA22X1          typical         10.184400 
U757                      AOI221XL        typical         11.881800 
U758                      OAI22XL         typical         8.487000  
U759                      CLKINVX1        typical         3.394800  
U760                      OAI221XL        typical         11.881800 
U761                      OA22X1          typical         10.184400 
U762                      CLKINVX1        typical         3.394800  
U763                      OAI221XL        typical         11.881800 
U764                      OA22X1          typical         10.184400 
U765                      OAI221XL        typical         11.881800 
U766                      OA22X1          typical         10.184400 
U767                      OAI221XL        typical         11.881800 
U768                      OA22X1          typical         10.184400 
U769                      AOI22X1         typical         10.184400 
U770                      OAI221XL        typical         11.881800 
U771                      AOI22X1         typical         10.184400 
U772                      OAI221XL        typical         11.881800 
U773                      OA22X1          typical         10.184400 
U774                      OAI221XL        typical         11.881800 
U775                      OA22X1          typical         10.184400 
U776                      CLKINVX1        typical         3.394800  
U777                      OAI221XL        typical         11.881800 
U778                      OA22X1          typical         10.184400 
U779                      CLKINVX1        typical         3.394800  
U780                      OAI221XL        typical         11.881800 
U781                      OA22X1          typical         10.184400 
U782                      OAI221XL        typical         11.881800 
U783                      AOI22X1         typical         10.184400 
U784                      OAI221XL        typical         11.881800 
U785                      OA22X1          typical         10.184400 
U786                      OAI221XL        typical         11.881800 
U787                      OA22X1          typical         10.184400 
U788                      CLKINVX1        typical         3.394800  
U789                      OAI221XL        typical         11.881800 
U790                      OA22X1          typical         10.184400 
U791                      CLKINVX1        typical         3.394800  
U792                      OAI221XL        typical         11.881800 
U793                      OA22X1          typical         10.184400 
U794                      AOI221XL        typical         11.881800 
U795                      AO22X1          typical         10.184400 
U796                      OAI221XL        typical         11.881800 
U797                      OA22X1          typical         10.184400 
U798                      OAI221XL        typical         11.881800 
U799                      OA22X1          typical         10.184400 
U800                      OAI221XL        typical         11.881800 
U801                      OA22X1          typical         10.184400 
U802                      OAI221XL        typical         11.881800 
U803                      OA22X1          typical         10.184400 
U804                      AOI221XL        typical         11.881800 
U805                      AO22X1          typical         10.184400 
U806                      OAI221XL        typical         11.881800 
U807                      OA22X1          typical         10.184400 
U808                      OAI221XL        typical         11.881800 
U809                      OA22X1          typical         10.184400 
U810                      OAI221XL        typical         11.881800 
U811                      OA22X1          typical         10.184400 
U812                      OAI221XL        typical         11.881800 
U813                      OA22X1          typical         10.184400 
U814                      OAI221XL        typical         11.881800 
U815                      AOI22X1         typical         10.184400 
U816                      OAI221XL        typical         11.881800 
U817                      OA22X1          typical         10.184400 
U818                      OAI221XL        typical         11.881800 
U819                      OA22X1          typical         10.184400 
U820                      CLKINVX1        typical         3.394800  
U821                      OAI221XL        typical         11.881800 
U822                      OA22X1          typical         10.184400 
U823                      CLKINVX1        typical         3.394800  
U824                      OAI221XL        typical         11.881800 
U825                      OA22X1          typical         10.184400 
U826                      CLKINVX1        typical         3.394800  
U827                      NAND2X1         typical         5.092200  
U828                      OAI221XL        typical         11.881800 
U829                      AOI22X1         typical         10.184400 
U830                      OAI221XL        typical         11.881800 
U831                      OA22X1          typical         10.184400 
U832                      OAI221XL        typical         11.881800 
U833                      OA22X1          typical         10.184400 
U834                      CLKINVX1        typical         3.394800  
U835                      CLKINVX1        typical         3.394800  
U836                      OAI221XL        typical         11.881800 
U837                      OA22X1          typical         10.184400 
U838                      CLKINVX1        typical         3.394800  
U839                      OAI221XL        typical         11.881800 
U840                      OA22X1          typical         10.184400 
U841                      CLKINVX1        typical         3.394800  
U842                      NAND2X1         typical         5.092200  
U843                      CLKINVX1        typical         3.394800  
U844                      NOR2X1          typical         5.092200  
U845                      AOI221XL        typical         11.881800 
U846                      OAI2BB2XL       typical         10.184400 
U847                      OAI221XL        typical         11.881800 
U848                      OA22X1          typical         10.184400 
U849                      CLKINVX1        typical         3.394800  
U850                      CLKINVX1        typical         3.394800  
U851                      CLKINVX1        typical         3.394800  
U852                      CLKINVX1        typical         3.394800  
U853                      OAI221XL        typical         11.881800 
U854                      OA22X1          typical         10.184400 
U855                      CLKINVX1        typical         3.394800  
U856                      CLKINVX1        typical         3.394800  
U857                      CLKINVX1        typical         3.394800  
U858                      CLKINVX1        typical         3.394800  
U859                      OAI221XL        typical         11.881800 
U860                      OA22X1          typical         10.184400 
U861                      CLKINVX1        typical         3.394800  
U862                      CLKINVX1        typical         3.394800  
U863                      CLKINVX1        typical         3.394800  
U864                      CLKINVX1        typical         3.394800  
U865                      OAI221XL        typical         11.881800 
U866                      OA22X1          typical         10.184400 
U867                      CLKINVX1        typical         3.394800  
U868                      CLKINVX1        typical         3.394800  
U869                      CLKINVX1        typical         3.394800  
U870                      CLKINVX1        typical         3.394800  
U871                      CLKINVX1        typical         3.394800  
U872                      NOR2X1          typical         5.092200  
U873                      CLKINVX1        typical         3.394800  
U874                      AOI221XL        typical         11.881800 
U875                      AO22X1          typical         10.184400 
U876                      OAI221XL        typical         11.881800 
U877                      OA22X1          typical         10.184400 
U878                      CLKINVX1        typical         3.394800  
U879                      CLKINVX1        typical         3.394800  
U880                      CLKINVX1        typical         3.394800  
U881                      CLKINVX1        typical         3.394800  
U882                      NAND2X1         typical         5.092200  
U883                      OAI221XL        typical         11.881800 
U884                      OA22X1          typical         10.184400 
U885                      CLKINVX1        typical         3.394800  
U886                      CLKINVX1        typical         3.394800  
U887                      CLKINVX1        typical         3.394800  
U888                      CLKINVX1        typical         3.394800  
U889                      NAND2X1         typical         5.092200  
U890                      NAND2X1         typical         5.092200  
U891                      CLKINVX1        typical         3.394800  
U892                      OAI221XL        typical         11.881800 
U893                      OA22X1          typical         10.184400 
U894                      CLKINVX1        typical         3.394800  
U895                      CLKINVX1        typical         3.394800  
U896                      CLKINVX1        typical         3.394800  
U897                      CLKINVX1        typical         3.394800  
U898                      NAND2X1         typical         5.092200  
U899                      CLKINVX1        typical         3.394800  
U900                      OAI221XL        typical         11.881800 
U901                      OA22X1          typical         10.184400 
U902                      CLKINVX1        typical         3.394800  
U903                      CLKINVX1        typical         3.394800  
U904                      CLKINVX1        typical         3.394800  
U905                      CLKINVX1        typical         3.394800  
U906                      CLKINVX1        typical         3.394800  
U907                      CLKINVX1        typical         3.394800  
--------------------------------------------------------------------------------
Total 476 cells                                           4686.521297
1
